Archive member included to satisfy reference by file (symbol)

C:/ST/STM32CubeIDE_1.11.0/STM32CubeIDE/plugins/com.st.stm32cube.ide.mcu.externaltools.gnu-tools-for-stm32.12.3.rel1.win32_1.0.100.202403111256/tools/bin/../lib/gcc/arm-none-eabi/12.3.1/../../../../arm-none-eabi/lib/thumb/v7e-m+fp/hard\libc_nano.a(libc_a-exit.o)
                              C:/ST/STM32CubeIDE_1.11.0/STM32CubeIDE/plugins/com.st.stm32cube.ide.mcu.externaltools.gnu-tools-for-stm32.12.3.rel1.win32_1.0.100.202403111256/tools/bin/../lib/gcc/arm-none-eabi/12.3.1/../../../../arm-none-eabi/lib/thumb/v7e-m+fp/hard/crt0.o (exit)
C:/ST/STM32CubeIDE_1.11.0/STM32CubeIDE/plugins/com.st.stm32cube.ide.mcu.externaltools.gnu-tools-for-stm32.12.3.rel1.win32_1.0.100.202403111256/tools/bin/../lib/gcc/arm-none-eabi/12.3.1/../../../../arm-none-eabi/lib/thumb/v7e-m+fp/hard\libc_nano.a(libc_a-nano-vfprintf_float.o)
                              (_printf_float)
C:/ST/STM32CubeIDE_1.11.0/STM32CubeIDE/plugins/com.st.stm32cube.ide.mcu.externaltools.gnu-tools-for-stm32.12.3.rel1.win32_1.0.100.202403111256/tools/bin/../lib/gcc/arm-none-eabi/12.3.1/../../../../arm-none-eabi/lib/thumb/v7e-m+fp/hard\libc_nano.a(libc_a-nano-vfprintf_i.o)
                              C:/ST/STM32CubeIDE_1.11.0/STM32CubeIDE/plugins/com.st.stm32cube.ide.mcu.externaltools.gnu-tools-for-stm32.12.3.rel1.win32_1.0.100.202403111256/tools/bin/../lib/gcc/arm-none-eabi/12.3.1/../../../../arm-none-eabi/lib/thumb/v7e-m+fp/hard\libc_nano.a(libc_a-nano-vfprintf_float.o) (_printf_common)
C:/ST/STM32CubeIDE_1.11.0/STM32CubeIDE/plugins/com.st.stm32cube.ide.mcu.externaltools.gnu-tools-for-stm32.12.3.rel1.win32_1.0.100.202403111256/tools/bin/../lib/gcc/arm-none-eabi/12.3.1/../../../../arm-none-eabi/lib/thumb/v7e-m+fp/hard\libc_nano.a(libc_a-findfp.o)
                              C:/ST/STM32CubeIDE_1.11.0/STM32CubeIDE/plugins/com.st.stm32cube.ide.mcu.externaltools.gnu-tools-for-stm32.12.3.rel1.win32_1.0.100.202403111256/tools/bin/../lib/gcc/arm-none-eabi/12.3.1/../../../../arm-none-eabi/lib/thumb/v7e-m+fp/hard\libc_nano.a(libc_a-exit.o) (__stdio_exit_handler)
C:/ST/STM32CubeIDE_1.11.0/STM32CubeIDE/plugins/com.st.stm32cube.ide.mcu.externaltools.gnu-tools-for-stm32.12.3.rel1.win32_1.0.100.202403111256/tools/bin/../lib/gcc/arm-none-eabi/12.3.1/../../../../arm-none-eabi/lib/thumb/v7e-m+fp/hard\libc_nano.a(libc_a-fwalk.o)
                              C:/ST/STM32CubeIDE_1.11.0/STM32CubeIDE/plugins/com.st.stm32cube.ide.mcu.externaltools.gnu-tools-for-stm32.12.3.rel1.win32_1.0.100.202403111256/tools/bin/../lib/gcc/arm-none-eabi/12.3.1/../../../../arm-none-eabi/lib/thumb/v7e-m+fp/hard\libc_nano.a(libc_a-findfp.o) (_fwalk_sglue)
C:/ST/STM32CubeIDE_1.11.0/STM32CubeIDE/plugins/com.st.stm32cube.ide.mcu.externaltools.gnu-tools-for-stm32.12.3.rel1.win32_1.0.100.202403111256/tools/bin/../lib/gcc/arm-none-eabi/12.3.1/../../../../arm-none-eabi/lib/thumb/v7e-m+fp/hard\libc_nano.a(libc_a-sprintf.o)
                              ./App/app.o (sprintf)
C:/ST/STM32CubeIDE_1.11.0/STM32CubeIDE/plugins/com.st.stm32cube.ide.mcu.externaltools.gnu-tools-for-stm32.12.3.rel1.win32_1.0.100.202403111256/tools/bin/../lib/gcc/arm-none-eabi/12.3.1/../../../../arm-none-eabi/lib/thumb/v7e-m+fp/hard\libc_nano.a(libc_a-stdio.o)
                              C:/ST/STM32CubeIDE_1.11.0/STM32CubeIDE/plugins/com.st.stm32cube.ide.mcu.externaltools.gnu-tools-for-stm32.12.3.rel1.win32_1.0.100.202403111256/tools/bin/../lib/gcc/arm-none-eabi/12.3.1/../../../../arm-none-eabi/lib/thumb/v7e-m+fp/hard\libc_nano.a(libc_a-findfp.o) (__sread)
C:/ST/STM32CubeIDE_1.11.0/STM32CubeIDE/plugins/com.st.stm32cube.ide.mcu.externaltools.gnu-tools-for-stm32.12.3.rel1.win32_1.0.100.202403111256/tools/bin/../lib/gcc/arm-none-eabi/12.3.1/../../../../arm-none-eabi/lib/thumb/v7e-m+fp/hard\libc_nano.a(libc_a-memset.o)
                              C:/ST/STM32CubeIDE_1.11.0/STM32CubeIDE/plugins/com.st.stm32cube.ide.mcu.externaltools.gnu-tools-for-stm32.12.3.rel1.win32_1.0.100.202403111256/tools/bin/../lib/gcc/arm-none-eabi/12.3.1/../../../../arm-none-eabi/lib/thumb/v7e-m+fp/hard/crt0.o (memset)
C:/ST/STM32CubeIDE_1.11.0/STM32CubeIDE/plugins/com.st.stm32cube.ide.mcu.externaltools.gnu-tools-for-stm32.12.3.rel1.win32_1.0.100.202403111256/tools/bin/../lib/gcc/arm-none-eabi/12.3.1/../../../../arm-none-eabi/lib/thumb/v7e-m+fp/hard\libc_nano.a(libc_a-localeconv.o)
                              C:/ST/STM32CubeIDE_1.11.0/STM32CubeIDE/plugins/com.st.stm32cube.ide.mcu.externaltools.gnu-tools-for-stm32.12.3.rel1.win32_1.0.100.202403111256/tools/bin/../lib/gcc/arm-none-eabi/12.3.1/../../../../arm-none-eabi/lib/thumb/v7e-m+fp/hard\libc_nano.a(libc_a-nano-vfprintf_float.o) (_localeconv_r)
C:/ST/STM32CubeIDE_1.11.0/STM32CubeIDE/plugins/com.st.stm32cube.ide.mcu.externaltools.gnu-tools-for-stm32.12.3.rel1.win32_1.0.100.202403111256/tools/bin/../lib/gcc/arm-none-eabi/12.3.1/../../../../arm-none-eabi/lib/thumb/v7e-m+fp/hard\libc_nano.a(libc_a-closer.o)
[...]
Memory Configuration

Name             Origin             Length             Attributes
RAM              0x20000000         0x00008000         xrw
FLASH            0x08000000         0x00020000         xr
*default*        0x00000000         0xffffffff

Linker script and memory map

LOAD C:/ST/STM32CubeIDE_1.11.0/STM32CubeIDE/plugins/com.st.stm32cube.ide.mcu.externaltools.gnu-tools-for-stm32.12.3.rel1.win32_1.0.100.202403111256/tools/bin/../lib/gcc/arm-none-eabi/12.3.1/thumb/v7e-m+fp/hard/crti.o
LOAD C:/ST/STM32CubeIDE_1.11.0/STM32CubeIDE/plugins/com.st.stm32cube.ide.mcu.externaltools.gnu-tools-for-stm32.12.3.rel1.win32_1.0.100.202403111256/tools/bin/../lib/gcc/arm-none-eabi/12.3.1/thumb/v7e-m+fp/hard/crtbegin.o
LOAD C:/ST/STM32CubeIDE_1.11.0/STM32CubeIDE/plugins/com.st.stm32cube.ide.mcu.externaltools.gnu-tools-for-stm32.12.3.rel1.win32_1.0.100.202403111256/tools/bin/../lib/gcc/arm-none-eabi/12.3.1/../../../../arm-none-eabi/lib/thumb/v7e-m+fp/hard/crt0.o
LOAD ./App/app.o
LOAD ./Core/Src/Usart.o
LOAD ./Core/Src/dma.o
LOAD ./Core/Src/gpio.o
LOAD ./Core/Src/i2c.o
LOAD ./Core/Src/main.o
LOAD ./Core/Src/spi.o
LOAD ./Core/Src/stm32f4xx_hal_msp.o
LOAD ./Core/Src/stm32f4xx_it.o
LOAD ./Core/Src/syscalls.o
LOAD ./Core/Src/sysmem.o
LOAD ./Core/Src/system_stm32f4xx.o
LOAD ./Core/Startup/startup_stm32f410rbtx.o
LOAD ./Drivers/STM32F4xx_HAL_Driver/Src/stm32f4xx_hal.o
LOAD ./Drivers/STM32F4xx_HAL_Driver/Src/stm32f4xx_hal_adc.o
LOAD ./Drivers/STM32F4xx_HAL_Driver/Src/stm32f4xx_hal_adc_ex.o
LOAD ./Drivers/STM32F4xx_HAL_Driver/Src/stm32f4xx_hal_cortex.o
LOAD ./Drivers/STM32F4xx_HAL_Driver/Src/stm32f4xx_hal_dma.o
LOAD ./Drivers/STM32F4xx_HAL_Driver/Src/stm32f4xx_hal_dma_ex.o
LOAD ./Drivers/STM32F4xx_HAL_Driver/Src/stm32f4xx_hal_exti.o
LOAD ./Drivers/STM32F4xx_HAL_Driver/Src/stm32f4xx_hal_flash.o
LOAD ./Drivers/STM32F4xx_HAL_Driver/Src/stm32f4xx_hal_flash_ex.o
LOAD ./Drivers/STM32F4xx_HAL_Driver/Src/stm32f4xx_hal_flash_ramfunc.o
LOAD ./Drivers/STM32F4xx_HAL_Driver/Src/stm32f4xx_hal_gpio.o
LOAD ./Drivers/STM32F4xx_HAL_Driver/Src/stm32f4xx_hal_i2c.o
LOAD ./Drivers/STM32F4xx_HAL_Driver/Src/stm32f4xx_hal_i2c_ex.o
LOAD ./Drivers/STM32F4xx_HAL_Driver/Src/stm32f4xx_hal_pwr.o
LOAD ./Drivers/STM32F4xx_HAL_Driver/Src/stm32f4xx_hal_pwr_ex.o
LOAD ./Drivers/STM32F4xx_HAL_Driver/Src/stm32f4xx_hal_rcc.o
LOAD ./Drivers/STM32F4xx_HAL_Driver/Src/stm32f4xx_hal_rcc_ex.o
LOAD ./Drivers/STM32F4xx_HAL_Driver/Src/stm32f4xx_hal_rtc.o
LOAD ./Drivers/STM32F4xx_HAL_Driver/Src/stm32f4xx_hal_rtc_ex.o
LOAD ./Drivers/STM32F4xx_HAL_Driver/Src/stm32f4xx_hal_spi.o
LOAD ./Drivers/STM32F4xx_HAL_Driver/Src/stm32f4xx_hal_tim.o
LOAD ./Drivers/STM32F4xx_HAL_Driver/Src/stm32f4xx_hal_tim_ex.o
LOAD ./Drivers/STM32F4xx_HAL_Driver/Src/stm32f4xx_hal_uart.o
LOAD ./Drivers/STM32F4xx_HAL_Driver/Src/stm32f4xx_ll_adc.o
LOAD ./Fw_release/fw_release.o
LOAD ./RTC/rtc.o
LOAD ./buttons/button.o
LOAD ./display/display.o
LOAD ./display/gfx.o
LOAD ./ioexpansion/ioexpansion.o
LOAD ./led/led.o
LOAD ./motor/motor.o
LOAD ./pwm/Pwm.o
LOAD ./temp_sensor/temperature.o
START GROUP
LOAD C:/ST/STM32CubeIDE_1.11.0/STM32CubeIDE/plugins/com.st.stm32cube.ide.mcu.externaltools.gnu-tools-for-stm32.12.3.rel1.win32_1.0.100.202403111256/tools/bin/../lib/gcc/arm-none-eabi/12.3.1/../../../../arm-none-eabi/lib/thumb/v7e-m+fp/hard\libc_nano.a
LOAD C:/ST/STM32CubeIDE_1.11.0/STM32CubeIDE/plugins/com.st.stm32cube.ide.mcu.externaltools.gnu-tools-for-stm32.12.3.rel1.win32_1.0.100.202403111256/tools/bin/../lib/gcc/arm-none-eabi/12.3.1/../../../../arm-none-eabi/lib/thumb/v7e-m+fp/hard\libm.a
END GROUP
START GROUP
LOAD C:/ST/STM32CubeIDE_1.11.0/STM32CubeIDE/plugins/com.st.stm32cube.ide.mcu.externaltools.gnu-tools-for-stm32.12.3.rel1.win32_1.0.100.202403111256/tools/bin/../lib/gcc/arm-none-eabi/12.3.1/thumb/v7e-m+fp/hard\libgcc.a
LOAD C:/ST/STM32CubeIDE_1.11.0/STM32CubeIDE/plugins/com.st.stm32cube.ide.mcu.externaltools.gnu-tools-for-stm32.12.3.rel1.win32_1.0.100.202403111256/tools/bin/../lib/gcc/arm-none-eabi/12.3.1/../../../../arm-none-eabi/lib/thumb/v7e-m+fp/hard\libc_nano.a
END GROUP
START GROUP
LOAD C:/ST/STM32CubeIDE_1.11.0/STM32CubeIDE/plugins/com.st.stm32cube.ide.mcu.externaltools.gnu-tools-for-stm32.12.3.rel1.win32_1.0.100.202403111256/tools/bin/../lib/gcc/arm-none-eabi/12.3.1/thumb/v7e-m+fp/hard\libgcc.a
LOAD C:/ST/STM32CubeIDE_1.11.0/STM32CubeIDE/plugins/com.st.stm32cube.ide.mcu.externaltools.gnu-tools-for-stm32.12.3.rel1.win32_1.0.100.202403111256/tools/bin/../lib/gcc/arm-none-eabi/12.3.1/../../../../arm-none-eabi/lib/thumb/v7e-m+fp/hard\libc_nano.a
LOAD C:/ST/STM32CubeIDE_1.11.0/STM32CubeIDE/plugins/com.st.stm32cube.ide.mcu.externaltools.gnu-tools-for-stm32.12.3.rel1.win32_1.0.100.202403111256/tools/bin/../lib/gcc/arm-none-eabi/12.3.1/../../../../arm-none-eabi/lib/thumb/v7e-m+fp/hard\libnosys.a
END GROUP
START GROUP
LOAD C:/ST/STM32CubeIDE_1.11.0/STM32CubeIDE/plugins/com.st.stm32cube.ide.mcu.externaltools.gnu-tools-for-stm32.12.3.rel1.win32_1.0.100.202403111256/tools/bin/../lib/gcc/arm-none-eabi/12.3.1/thumb/v7e-m+fp/hard\libgcc.a
LOAD C:/ST/STM32CubeIDE_1.11.0/STM32CubeIDE/plugins/com.st.stm32cube.ide.mcu.externaltools.gnu-tools-for-stm32.12.3.rel1.win32_1.0.100.202403111256/tools/bin/../lib/gcc/arm-none-eabi/12.3.1/../../../../arm-none-eabi/lib/thumb/v7e-m+fp/hard\libc_nano.a
LOAD C:/ST/STM32CubeIDE_1.11.0/STM32CubeIDE/plugins/com.st.stm32cube.ide.mcu.externaltools.gnu-tools-for-stm32.12.3.rel1.win32_1.0.100.202403111256/tools/bin/../lib/gcc/arm-none-eabi/12.3.1/../../../../arm-none-eabi/lib/thumb/v7e-m+fp/hard\libnosys.a
END GROUP
LOAD C:/ST/STM32CubeIDE_1.11.0/STM32CubeIDE/plugins/com.st.stm32cube.ide.mcu.externaltools.gnu-tools-for-stm32.12.3.rel1.win32_1.0.100.202403111256/tools/bin/../lib/gcc/arm-none-eabi/12.3.1/thumb/v7e-m+fp/hard/crtend.o
LOAD C:/ST/STM32CubeIDE_1.11.0/STM32CubeIDE/plugins/com.st.stm32cube.ide.mcu.externaltools.gnu-tools-for-stm32.12.3.rel1.win32_1.0.100.202403111256/tools/bin/../lib/gcc/arm-none-eabi/12.3.1/thumb/v7e-m+fp/hard/crtn.o
                0x20008000                        _estack = (ORIGIN (RAM) + LENGTH (RAM))
                0x00000200                        _Min_Heap_Size = 0x200
                0x00000400                        _Min_Stack_Size = 0x400

.isr_vector     0x08000000      0x1c8
                0x08000000                        . = ALIGN (0x4)
 *(.isr_vector)
 .isr_vector    0x08000000      0x1c8 ./Core/Startup/startup_stm32f410rbtx.o
                0x08000000                g_pfnVectors
                0x080001c8                        . = ALIGN (0x4)

.text           0x080001d0     0xc3d0
                0x080001d0                        . = ALIGN (0x4)
 *(.text)
 .text          0x080001d0       0x40 C:/ST/STM32CubeIDE_1.11.0/STM32CubeIDE/plugins/com.st.stm32cube.ide.mcu.externaltools.gnu-tools-for-stm32.12.3.rel1.win32_1.0.100.202403111256/tools/bin/../lib/gcc/arm-none-eabi/12.3.1/thumb/v7e-m+fp/hard/crtbegin.o
 .text          0x08000210       0x14 C:/ST/STM32CubeIDE_1.11.0/STM32CubeIDE/plugins/com.st.stm32cube.ide.mcu.externaltools.gnu-tools-for-stm32.12.3.rel1.win32_1.0.100.202403111256/tools/bin/../lib/gcc/arm-none-eabi/12.3.1/../../../../arm-none-eabi/lib/thumb/v7e-m+fp/hard\libc_nano.a(libc_a-strcmp.o)
                0x08000210                strcmp
 *fill*         0x08000224        0xc 
 .text          0x08000230       0xa0 C:/ST/STM32CubeIDE_1.11.0/STM32CubeIDE/plugins/com.st.stm32cube.ide.mcu.externaltools.gnu-tools-for-stm32.12.3.rel1.win32_1.0.100.202403111256/tools/bin/../lib/gcc/arm-none-eabi/12.3.1/../../../../arm-none-eabi/lib/thumb/v7e-m+fp/hard\libc_nano.a(libc_a-memchr.o)
                0x08000230                memchr
 .text          0x080002d0       0x10 C:/ST/STM32CubeIDE_1.11.0/STM32CubeIDE/plugins/com.st.stm32cube.ide.mcu.externaltools.gnu-tools-for-stm32.12.3.rel1.win32_1.0.100.202403111256/tools/bin/../lib/gcc/arm-none-eabi/12.3.1/../../../../arm-none-eabi/lib/thumb/v7e-m+fp/hard\libc_nano.a(libc_a-strlen.o)
                0x080002d0                strlen
 .text          0x080002e0      0x378 C:/ST/STM32CubeIDE_1.11.0/STM32CubeIDE/plugins/com.st.stm32cube.ide.mcu.externaltools.gnu-tools-for-stm32.12.3.rel1.win32_1.0.100.202403111256/tools/bin/../lib/gcc/arm-none-eabi/12.3.1/thumb/v7e-m+fp/hard\libgcc.a(_arm_addsubdf3.o)
                0x080002e0                __aeabi_drsub
                0x080002e8                __aeabi_dsub
                0x080002e8                __subdf3
                0x080002ec                __aeabi_dadd
                0x080002ec                __adddf3
                0x08000564                __floatunsidf
                0x08000564                __aeabi_ui2d
                0x08000584                __floatsidf
                0x08000584                __aeabi_i2d
                0x080005a8                __aeabi_f2d
                0x080005a8                __extendsfdf2
                0x080005ec                __floatundidf
                0x080005ec                __aeabi_ul2d
                0x080005fc                __floatdidf
                0x080005fc                __aeabi_l2d
 .text          0x08000658      0x424 C:/ST/STM32CubeIDE_1.11.0/STM32CubeIDE/plugins/com.st.stm32cube.ide.mcu.externaltools.gnu-tools-for-stm32.12.3.rel1.win32_1.0.100.202403111256/tools/bin/../lib/gcc/arm-none-eabi/12.3.1/thumb/v7e-m+fp/hard\libgcc.a(_arm_muldivdf3.o)
                0x08000658                __aeabi_dmul
                0x08000658                __muldf3
                0x080008ac                __divdf3
                0x080008ac                __aeabi_ddiv
 .text          0x08000a7c      0x110 C:/ST/STM32CubeIDE_1.11.0/STM32CubeIDE/plugins/com.st.stm32cube.ide.mcu.externaltools.gnu-tools-for-stm32.12.3.rel1.win32_1.0.100.202403111256/tools/bin/../lib/gcc/arm-none-eabi/12.3.1/thumb/v7e-m+fp/hard\libgcc.a(_arm_cmpdf2.o)
                0x08000a7c                __gtdf2
                0x08000a7c                __gedf2
                0x08000a84                __ltdf2
                0x08000a84                __ledf2
                0x08000a8c                __nedf2
                0x08000a8c                __eqdf2
                0x08000a8c                __cmpdf2
                0x08000b08                __aeabi_cdrcmple
                0x08000b18                __aeabi_cdcmpeq
                0x08000b18                __aeabi_cdcmple
                0x08000b28                __aeabi_dcmpeq
                0x08000b3c                __aeabi_dcmplt
                0x08000b50                __aeabi_dcmple
                0x08000b64                __aeabi_dcmpge
                0x08000b78                __aeabi_dcmpgt
 .text          0x08000b8c       0x2c C:/ST/STM32CubeIDE_1.11.0/STM32CubeIDE/plugins/com.st.stm32cube.ide.mcu.externaltools.gnu-tools-for-stm32.12.3.rel1.win32_1.0.100.202403111256/tools/bin/../lib/gcc/arm-none-eabi/12.3.1/thumb/v7e-m+fp/hard\libgcc.a(_arm_unorddf2.o)
                0x08000b8c                __unorddf2
                0x08000b8c                __aeabi_dcmpun
 .text          0x08000bb8       0x50 C:/ST/STM32CubeIDE_1.11.0/STM32CubeIDE/plugins/com.st.stm32cube.ide.mcu.externaltools.gnu-tools-for-stm32.12.3.rel1.win32_1.0.100.202403111256/tools/bin/../lib/gcc/arm-none-eabi/12.3.1/thumb/v7e-m+fp/hard\libgcc.a(_arm_fixdfsi.o)
                0x08000bb8                __aeabi_d2iz
                0x08000bb8                __fixdfsi
 .text          0x08000c08       0x30 C:/ST/STM32CubeIDE_1.11.0/STM32CubeIDE/plugins/com.st.stm32cube.ide.mcu.externaltools.gnu-tools-for-stm32.12.3.rel1.win32_1.0.100.202403111256/tools/bin/../lib/gcc/arm-none-eabi/12.3.1/thumb/v7e-m+fp/hard\libgcc.a(_aeabi_uldivmod.o)
                0x08000c08                __aeabi_uldivmod
 .text          0x08000c38      0x2bc C:/ST/STM32CubeIDE_1.11.0/STM32CubeIDE/plugins/com.st.stm32cube.ide.mcu.externaltools.gnu-tools-for-stm32.12.3.rel1.win32_1.0.100.202403111256/tools/bin/../lib/gcc/arm-none-eabi/12.3.1/thumb/v7e-m+fp/hard\libgcc.a(_udivmoddi4.o)
                0x08000c38                __udivmoddi4
 .text          0x08000ef4        0x4 C:/ST/STM32CubeIDE_1.11.0/STM32CubeIDE/plugins/com.st.stm32cube.ide.mcu.externaltools.gnu-tools-for-stm32.12.3.rel1.win32_1.0.100.202403111256/tools/bin/../lib/gcc/arm-none-eabi/12.3.1/thumb/v7e-m+fp/hard\libgcc.a(_dvmd_tls.o)
                0x08000ef4                __aeabi_idiv0
                0x08000ef4                __aeabi_ldiv0
 *(.text*)
 .text.Display_app_init
                0x08000ef8        0xc ./App/app.o
                0x08000ef8                Display_app_init
 .text.Set_Display_buffsize
                0x08000f04       0x12 ./App/app.o
                0x08000f04                Set_Display_buffsize
 *fill*         0x08000f16        0x2 
 .text.Display_refresh
                0x08000f18       0x2c ./App/app.o
                0x08000f18                Display_refresh
 .text.Display_company_name
                0x08000f44       0x6c ./App/app.o
                0x08000f44                Display_company_name
 .text.Display_contct_num
                0x08000fb0       0x54 ./App/app.o
                0x08000fb0                Display_contct_num
 .text.Display_Managmnt_sys
                0x08001004       0x90 ./App/app.o
                0x08001004                Display_Managmnt_sys
 .text.fan_Hspeed
                0x08001094      0x3ec ./App/app.o
                0x08001094                fan_Hspeed
 .text.fan_Mspeed
                0x08001480      0x3fc ./App/app.o
                0x08001480                fan_Mspeed
 .text.fan_Lspeed
                0x0800187c      0x3f4 ./App/app.o
                0x0800187c                fan_Lspeed
 .text.Gpio_Ex_init
                0x08001c70        0xc ./App/app.o
                0x08001c70                Gpio_Ex_init
 .text.Led_State
                0x08001c7c       0x24 ./App/app.o
                0x08001c7c                Led_State
 .text.RTC_init
                0x08001ca0        0xc ./App/app.o
                0x08001ca0                RTC_init
 .text.Display_RTC_clock
                0x08001cac       0xcc ./App/app.o
                0x08001cac                Display_RTC_clock
 .text.Stand_by_init
                0x08001d78       0x1c ./App/app.o
                0x08001d78                Stand_by_init
 .text.Stand_by_Set
                0x08001d94      0x108 ./App/app.o
                0x08001d94                Stand_by_Set
 .text.Ambient_Set
                0x08001e9c       0xc8 ./App/app.o
                0x08001e9c                Ambient_Set
 .text.Temp_35_Set
                0x08001f64      0x184 ./App/app.o
                0x08001f64                Temp_35_Set
 .text.Temp_40_Set
                0x080020e8      0x184 ./App/app.o
                0x080020e8                Temp_40_Set
 .text.Temp_45_Set
                0x0800226c      0x184 ./App/app.o
                0x0800226c                Temp_45_Set
 .text.MX_USART1_UART_Init
                0x080023f0       0x54 ./Core/Src/Usart.o
                0x080023f0                MX_USART1_UART_Init
 .text.USART1_IRQHandler
                0x08002444       0x18 ./Core/Src/Usart.o
                0x08002444                USART1_IRQHandler
 .text.MX_GPIO_Init
                0x0800245c      0x168 ./Core/Src/gpio.o
                0x0800245c                MX_GPIO_Init
 .text.MX_I2C1_Init
                0x080025c4       0x5c ./Core/Src/i2c.o
                0x080025c4                MX_I2C1_Init
 .text.HAL_I2C_MspInit
                0x08002620       0x90 ./Core/Src/i2c.o
                0x08002620                HAL_I2C_MspInit
 .text.main     0x080026b0       0x80 ./Core/Src/main.o
                0x080026b0                main
 .text.SystemClock_Config
                0x08002730       0xd8 ./Core/Src/main.o
                0x08002730                SystemClock_Config
 .text.Error_Handler
                0x08002808        0xc ./Core/Src/main.o
                0x08002808                Error_Handler
 .text.MX_SPI1_Init
                0x08002814       0x6c ./Core/Src/spi.o
                0x08002814                MX_SPI1_Init
 .text.HAL_SPI_MspInit
                0x08002880       0x90 ./Core/Src/spi.o
                0x08002880                HAL_SPI_MspInit
 .text.HAL_TIM_PWM_MspInit
                0x08002910       0x44 ./Core/Src/stm32f4xx_hal_msp.o
                0x08002910                HAL_TIM_PWM_MspInit
 .text.HAL_TIM_Base_MspInit
                0x08002954       0x6c ./Core/Src/stm32f4xx_hal_msp.o
                0x08002954                HAL_TIM_Base_MspInit
 .text.HAL_TIM_MspPostInit
                0x080029c0      0x158 ./Core/Src/stm32f4xx_hal_msp.o
                0x080029c0                HAL_TIM_MspPostInit
 .text.HAL_MspInit
                0x08002b18       0x50 ./Core/Src/stm32f4xx_hal_msp.o
                0x08002b18                HAL_MspInit
 .text.HAL_RTC_MspInit
                0x08002b68       0x58 ./Core/Src/stm32f4xx_hal_msp.o
                0x08002b68                HAL_RTC_MspInit
 .text.HAL_UART_MspInit
                0x08002bc0       0xa0 ./Core/Src/stm32f4xx_hal_msp.o
                0x08002bc0                HAL_UART_MspInit
 .text.NMI_Handler
                0x08002c60        0x8 ./Core/Src/stm32f4xx_it.o
                0x08002c60                NMI_Handler
 .text.HardFault_Handler
                0x08002c68        0x8 ./Core/Src/stm32f4xx_it.o
                0x08002c68                HardFault_Handler
 .text.MemManage_Handler
                0x08002c70        0x8 ./Core/Src/stm32f4xx_it.o
                0x08002c70                MemManage_Handler
 .text.BusFault_Handler
                0x08002c78        0x8 ./Core/Src/stm32f4xx_it.o
                0x08002c78                BusFault_Handler
 .text.UsageFault_Handler
                0x08002c80        0x8 ./Core/Src/stm32f4xx_it.o
                0x08002c80                UsageFault_Handler
 .text.SVC_Handler
                0x08002c88        0xe ./Core/Src/stm32f4xx_it.o
                0x08002c88                SVC_Handler
 .text.DebugMon_Handler
                0x08002c96        0xe ./Core/Src/stm32f4xx_it.o
                0x08002c96                DebugMon_Handler
 .text.PendSV_Handler
                0x08002ca4        0xe ./Core/Src/stm32f4xx_it.o
                0x08002ca4                PendSV_Handler
 .text.SysTick_Handler
                0x08002cb2        0xc ./Core/Src/stm32f4xx_it.o
                0x08002cb2                SysTick_Handler
 .text._getpid  0x08002cbe       0x10 ./Core/Src/syscalls.o
                0x08002cbe                _getpid
 .text._kill    0x08002cce       0x20 ./Core/Src/syscalls.o
                0x08002cce                _kill
 .text._exit    0x08002cee       0x16 ./Core/Src/syscalls.o
                0x08002cee                _exit
 .text._read    0x08002d04       0x3a ./Core/Src/syscalls.o
                0x08002d04                _read
 .text._write   0x08002d3e       0x38 ./Core/Src/syscalls.o
                0x08002d3e                _write
 .text._close   0x08002d76       0x18 ./Core/Src/syscalls.o
                0x08002d76                _close
 .text._fstat   0x08002d8e       0x20 ./Core/Src/syscalls.o
                0x08002d8e                _fstat
 .text._isatty  0x08002dae       0x16 ./Core/Src/syscalls.o
                0x08002dae                _isatty
 .text._lseek   0x08002dc4       0x1a ./Core/Src/syscalls.o
                0x08002dc4                _lseek
 *fill*         0x08002dde        0x2 
 .text._sbrk    0x08002de0       0x6c ./Core/Src/sysmem.o
                0x08002de0                _sbrk
 .text.SystemInit
                0x08002e4c       0x24 ./Core/Src/system_stm32f4xx.o
                0x08002e4c                SystemInit
 .text.Reset_Handler
                0x08002e70       0x50 ./Core/Startup/startup_stm32f410rbtx.o
                0x08002e70                Reset_Handler
 .text.Default_Handler
                0x08002ec0        0x2 ./Core/Startup/startup_stm32f410rbtx.o
                0x08002ec0                RTC_Alarm_IRQHandler
                0x08002ec0                EXTI2_IRQHandler
                0x08002ec0                FMPI2C1_EV_IRQHandler
                0x08002ec0                TIM1_CC_IRQHandler
                0x08002ec0                DMA2_Stream5_IRQHandler
                0x08002ec0                DMA1_Stream5_IRQHandler
                0x08002ec0                PVD_IRQHandler
                0x08002ec0                TAMP_STAMP_IRQHandler
                0x08002ec0                EXTI3_IRQHandler
                0x08002ec0                EXTI0_IRQHandler
                0x08002ec0                I2C2_EV_IRQHandler
                0x08002ec0                DMA1_Stream2_IRQHandler
                0x08002ec0                FPU_IRQHandler
                0x08002ec0                DMA2_Stream2_IRQHandler
                0x08002ec0                SPI1_IRQHandler
                0x08002ec0                TIM6_DAC_IRQHandler
                0x08002ec0                TIM1_BRK_TIM9_IRQHandler
                0x08002ec0                DMA2_Stream3_IRQHandler
                0x08002ec0                USART6_IRQHandler
                0x08002ec0                DMA2_Stream0_IRQHandler
                0x08002ec0                I2C1_EV_IRQHandler
                0x08002ec0                DMA1_Stream6_IRQHandler
                0x08002ec0                DMA1_Stream1_IRQHandler
                0x08002ec0                RCC_IRQHandler
                0x08002ec0                Default_Handler
                0x08002ec0                ADC_IRQHandler
                0x08002ec0                DMA1_Stream7_IRQHandler
                0x08002ec0                SPI5_IRQHandler
                0x08002ec0                TIM5_IRQHandler
                0x08002ec0                DMA2_Stream7_IRQHandler
                0x08002ec0                RTC_WKUP_IRQHandler
                0x08002ec0                SPI2_IRQHandler
                0x08002ec0                DMA1_Stream0_IRQHandler
                0x08002ec0                FMPI2C1_ER_IRQHandler
                0x08002ec0                EXTI4_IRQHandler
                0x08002ec0                RNG_IRQHandler
                0x08002ec0                TIM1_UP_IRQHandler
                0x08002ec0                WWDG_IRQHandler
                0x08002ec0                TIM1_TRG_COM_TIM11_IRQHandler
                0x08002ec0                EXTI1_IRQHandler
                0x08002ec0                USART2_IRQHandler
                0x08002ec0                I2C2_ER_IRQHandler
                0x08002ec0                DMA2_Stream1_IRQHandler
                0x08002ec0                FLASH_IRQHandler
                0x08002ec0                DMA2_Stream4_IRQHandler
                0x08002ec0                DMA1_Stream4_IRQHandler
                0x08002ec0                I2C1_ER_IRQHandler
                0x08002ec0                LPTIM1_IRQHandler
                0x08002ec0                DMA2_Stream6_IRQHandler
                0x08002ec0                DMA1_Stream3_IRQHandler
 *fill*         0x08002ec2        0x2 
 .text.HAL_Init
                0x08002ec4       0x44 ./Drivers/STM32F4xx_HAL_Driver/Src/stm32f4xx_hal.o
                0x08002ec4                HAL_Init
 .text.HAL_InitTick
                0x08002f08       0x60 ./Drivers/STM32F4xx_HAL_Driver/Src/stm32f4xx_hal.o
                0x08002f08                HAL_InitTick
 .text.HAL_IncTick
                0x08002f68       0x28 ./Drivers/STM32F4xx_HAL_Driver/Src/stm32f4xx_hal.o
                0x08002f68                HAL_IncTick
 .text.HAL_GetTick
                0x08002f90       0x18 ./Drivers/STM32F4xx_HAL_Driver/Src/stm32f4xx_hal.o
                0x08002f90                HAL_GetTick
 .text.HAL_Delay
                0x08002fa8       0x48 ./Drivers/STM32F4xx_HAL_Driver/Src/stm32f4xx_hal.o
                0x08002fa8                HAL_Delay
 .text.__NVIC_SetPriorityGrouping
                0x08002ff0       0x48 ./Drivers/STM32F4xx_HAL_Driver/Src/stm32f4xx_hal_cortex.o
 .text.__NVIC_GetPriorityGrouping
                0x08003038       0x1c ./Drivers/STM32F4xx_HAL_Driver/Src/stm32f4xx_hal_cortex.o
 .text.__NVIC_EnableIRQ
                0x08003054       0x3c ./Drivers/STM32F4xx_HAL_Driver/Src/stm32f4xx_hal_cortex.o
 .text.__NVIC_SetPriority
                0x08003090       0x54 ./Drivers/STM32F4xx_HAL_Driver/Src/stm32f4xx_hal_cortex.o
 .text.NVIC_EncodePriority
                0x080030e4       0x66 ./Drivers/STM32F4xx_HAL_Driver/Src/stm32f4xx_hal_cortex.o
 *fill*         0x0800314a        0x2 
 .text.SysTick_Config
                0x0800314c       0x44 ./Drivers/STM32F4xx_HAL_Driver/Src/stm32f4xx_hal_cortex.o
 .text.HAL_NVIC_SetPriorityGrouping
                0x08003190       0x16 ./Drivers/STM32F4xx_HAL_Driver/Src/stm32f4xx_hal_cortex.o
                0x08003190                HAL_NVIC_SetPriorityGrouping
 .text.HAL_NVIC_SetPriority
                0x080031a6       0x38 ./Drivers/STM32F4xx_HAL_Driver/Src/stm32f4xx_hal_cortex.o
                0x080031a6                HAL_NVIC_SetPriority
 .text.HAL_NVIC_EnableIRQ
                0x080031de       0x1c ./Drivers/STM32F4xx_HAL_Driver/Src/stm32f4xx_hal_cortex.o
                0x080031de                HAL_NVIC_EnableIRQ
 .text.HAL_SYSTICK_Config
                0x080031fa       0x18 ./Drivers/STM32F4xx_HAL_Driver/Src/stm32f4xx_hal_cortex.o
                0x080031fa                HAL_SYSTICK_Config
 .text.HAL_DMA_Abort
                0x08003212       0xe0 ./Drivers/STM32F4xx_HAL_Driver/Src/stm32f4xx_hal_dma.o
                0x08003212                HAL_DMA_Abort
 .text.HAL_DMA_Abort_IT
                0x080032f2       0x44 ./Drivers/STM32F4xx_HAL_Driver/Src/stm32f4xx_hal_dma.o
                0x080032f2                HAL_DMA_Abort_IT
 *fill*         0x08003336        0x2 
 .text.HAL_GPIO_Init
                0x08003338      0x2e8 ./Drivers/STM32F4xx_HAL_Driver/Src/stm32f4xx_hal_gpio.o
                0x08003338                HAL_GPIO_Init
 .text.HAL_GPIO_WritePin
                0x08003620       0x32 ./Drivers/STM32F4xx_HAL_Driver/Src/stm32f4xx_hal_gpio.o
                0x08003620                HAL_GPIO_WritePin
 *fill*         0x08003652        0x2 
 .text.HAL_I2C_Init
                0x08003654      0x288 ./Drivers/STM32F4xx_HAL_Driver/Src/stm32f4xx_hal_i2c.o
                0x08003654                HAL_I2C_Init
 .text.HAL_I2C_Mem_Write
                0x080038dc      0x1f4 ./Drivers/STM32F4xx_HAL_Driver/Src/stm32f4xx_hal_i2c.o
                0x080038dc                HAL_I2C_Mem_Write
 .text.HAL_I2C_Mem_Read
                0x08003ad0      0x464 ./Drivers/STM32F4xx_HAL_Driver/Src/stm32f4xx_hal_i2c.o
                0x08003ad0                HAL_I2C_Mem_Read
 .text.HAL_I2C_IsDeviceReady
                0x08003f34      0x25c ./Drivers/STM32F4xx_HAL_Driver/Src/stm32f4xx_hal_i2c.o
                0x08003f34                HAL_I2C_IsDeviceReady
 .text.I2C_RequestMemoryWrite
                0x08004190      0x12c ./Drivers/STM32F4xx_HAL_Driver/Src/stm32f4xx_hal_i2c.o
 .text.I2C_RequestMemoryRead
                0x080042bc      0x1d0 ./Drivers/STM32F4xx_HAL_Driver/Src/stm32f4xx_hal_i2c.o
 .text.I2C_WaitOnFlagUntilTimeout
                0x0800448c       0xf4 ./Drivers/STM32F4xx_HAL_Driver/Src/stm32f4xx_hal_i2c.o
 .text.I2C_WaitOnMasterAddressFlagUntilTimeout
                0x08004580      0x140 ./Drivers/STM32F4xx_HAL_Driver/Src/stm32f4xx_hal_i2c.o
 .text.I2C_WaitOnTXEFlagUntilTimeout
                0x080046c0       0x90 ./Drivers/STM32F4xx_HAL_Driver/Src/stm32f4xx_hal_i2c.o
 .text.I2C_WaitOnBTFFlagUntilTimeout
                0x08004750       0x90 ./Drivers/STM32F4xx_HAL_Driver/Src/stm32f4xx_hal_i2c.o
 .text.I2C_WaitOnRXNEFlagUntilTimeout
                0x080047e0       0xba ./Drivers/STM32F4xx_HAL_Driver/Src/stm32f4xx_hal_i2c.o
 .text.I2C_IsAcknowledgeFailed
                0x0800489a       0x5e ./Drivers/STM32F4xx_HAL_Driver/Src/stm32f4xx_hal_i2c.o
 .text.HAL_RCC_ClockConfig
                0x080048f8      0x1cc ./Drivers/STM32F4xx_HAL_Driver/Src/stm32f4xx_hal_rcc.o
                0x080048f8                HAL_RCC_ClockConfig
 .text.HAL_RCC_GetSysClockFreq
                0x08004ac4      0x20c ./Drivers/STM32F4xx_HAL_Driver/Src/stm32f4xx_hal_rcc.o
                0x08004ac4                HAL_RCC_GetSysClockFreq
 .text.HAL_RCC_GetHCLKFreq
                0x08004cd0       0x18 ./Drivers/STM32F4xx_HAL_Driver/Src/stm32f4xx_hal_rcc.o
                0x08004cd0                HAL_RCC_GetHCLKFreq
 .text.HAL_RCC_GetPCLK1Freq
                0x08004ce8       0x28 ./Drivers/STM32F4xx_HAL_Driver/Src/stm32f4xx_hal_rcc.o
                0x08004ce8                HAL_RCC_GetPCLK1Freq
 .text.HAL_RCC_GetPCLK2Freq
                0x08004d10       0x28 ./Drivers/STM32F4xx_HAL_Driver/Src/stm32f4xx_hal_rcc.o
                0x08004d10                HAL_RCC_GetPCLK2Freq
 .text.HAL_RCCEx_PeriphCLKConfig
                0x08004d38      0x1b8 ./Drivers/STM32F4xx_HAL_Driver/Src/stm32f4xx_hal_rcc_ex.o
                0x08004d38                HAL_RCCEx_PeriphCLKConfig
 .text.HAL_RCC_OscConfig
                0x08004ef0      0x508 ./Drivers/STM32F4xx_HAL_Driver/Src/stm32f4xx_hal_rcc_ex.o
                0x08004ef0                HAL_RCC_OscConfig
 .text.HAL_RTC_Init
                0x080053f8      0x106 ./Drivers/STM32F4xx_HAL_Driver/Src/stm32f4xx_hal_rtc.o
                0x080053f8                HAL_RTC_Init
 .text.HAL_RTC_SetTime
                0x080054fe      0x134 ./Drivers/STM32F4xx_HAL_Driver/Src/stm32f4xx_hal_rtc.o
                0x080054fe                HAL_RTC_SetTime
 .text.HAL_RTC_GetTime
                0x08005632       0xbc ./Drivers/STM32F4xx_HAL_Driver/Src/stm32f4xx_hal_rtc.o
                0x08005632                HAL_RTC_GetTime
 .text.HAL_RTC_SetDate
                0x080056ee      0x108 ./Drivers/STM32F4xx_HAL_Driver/Src/stm32f4xx_hal_rtc.o
                0x080056ee                HAL_RTC_SetDate
 .text.HAL_RTC_GetDate
                0x080057f6       0x9e ./Drivers/STM32F4xx_HAL_Driver/Src/stm32f4xx_hal_rtc.o
                0x080057f6                HAL_RTC_GetDate
 .text.HAL_RTC_WaitForSynchro
                0x08005894       0x4c ./Drivers/STM32F4xx_HAL_Driver/Src/stm32f4xx_hal_rtc.o
                0x08005894                HAL_RTC_WaitForSynchro
 .text.RTC_EnterInitMode
                0x080058e0       0x6e ./Drivers/STM32F4xx_HAL_Driver/Src/stm32f4xx_hal_rtc.o
                0x080058e0                RTC_EnterInitMode
 .text.RTC_ExitInitMode
                0x0800594e       0x4a ./Drivers/STM32F4xx_HAL_Driver/Src/stm32f4xx_hal_rtc.o
                0x0800594e                RTC_ExitInitMode
 .text.RTC_ByteToBcd2
                0x08005998       0x3c ./Drivers/STM32F4xx_HAL_Driver/Src/stm32f4xx_hal_rtc.o
                0x08005998                RTC_ByteToBcd2
 .text.RTC_Bcd2ToByte
                0x080059d4       0x3c ./Drivers/STM32F4xx_HAL_Driver/Src/stm32f4xx_hal_rtc.o
                0x080059d4                RTC_Bcd2ToByte
 .text.HAL_SPI_Init
                0x08005a10      0x112 ./Drivers/STM32F4xx_HAL_Driver/Src/stm32f4xx_hal_spi.o
                0x08005a10                HAL_SPI_Init
 .text.HAL_SPI_Transmit
                0x08005b22      0x286 ./Drivers/STM32F4xx_HAL_Driver/Src/stm32f4xx_hal_spi.o
                0x08005b22                HAL_SPI_Transmit
 .text.SPI_WaitFlagStateUntilTimeout
                0x08005da8      0x110 ./Drivers/STM32F4xx_HAL_Driver/Src/stm32f4xx_hal_spi.o
 .text.SPI_EndRxTxTransaction
                0x08005eb8       0xa8 ./Drivers/STM32F4xx_HAL_Driver/Src/stm32f4xx_hal_spi.o
 .text.HAL_TIM_Base_Init
                0x08005f60       0x9e ./Drivers/STM32F4xx_HAL_Driver/Src/stm32f4xx_hal_tim.o
                0x08005f60                HAL_TIM_Base_Init
 .text.HAL_TIM_PWM_Init
                0x08005ffe       0x9e ./Drivers/STM32F4xx_HAL_Driver/Src/stm32f4xx_hal_tim.o
                0x08005ffe                HAL_TIM_PWM_Init
 .text.HAL_TIM_PWM_Start
                0x0800609c      0x13c ./Drivers/STM32F4xx_HAL_Driver/Src/stm32f4xx_hal_tim.o
                0x0800609c                HAL_TIM_PWM_Start
 .text.HAL_TIM_PWM_Stop
                0x080061d8       0xc8 ./Drivers/STM32F4xx_HAL_Driver/Src/stm32f4xx_hal_tim.o
                0x080061d8                HAL_TIM_PWM_Stop
 .text.HAL_TIM_PWM_ConfigChannel
                0x080062a0      0x184 ./Drivers/STM32F4xx_HAL_Driver/Src/stm32f4xx_hal_tim.o
                0x080062a0                HAL_TIM_PWM_ConfigChannel
 .text.HAL_TIM_ConfigClockSource
                0x08006424      0x18e ./Drivers/STM32F4xx_HAL_Driver/Src/stm32f4xx_hal_tim.o
                0x08006424                HAL_TIM_ConfigClockSource
 *fill*         0x080065b2        0x2 
 .text.TIM_Base_SetConfig
                0x080065b4       0xd4 ./Drivers/STM32F4xx_HAL_Driver/Src/stm32f4xx_hal_tim.o
                0x080065b4                TIM_Base_SetConfig
 .text.TIM_OC1_SetConfig
                0x08006688       0xcc ./Drivers/STM32F4xx_HAL_Driver/Src/stm32f4xx_hal_tim.o
 .text.TIM_OC2_SetConfig
                0x08006754       0xd8 ./Drivers/STM32F4xx_HAL_Driver/Src/stm32f4xx_hal_tim.o
                0x08006754                TIM_OC2_SetConfig
 .text.TIM_OC3_SetConfig
                0x0800682c       0xd4 ./Drivers/STM32F4xx_HAL_Driver/Src/stm32f4xx_hal_tim.o
 .text.TIM_OC4_SetConfig
                0x08006900       0xa0 ./Drivers/STM32F4xx_HAL_Driver/Src/stm32f4xx_hal_tim.o
 .text.TIM_TI1_ConfigInputStage
                0x080069a0       0x5e ./Drivers/STM32F4xx_HAL_Driver/Src/stm32f4xx_hal_tim.o
 .text.TIM_TI2_ConfigInputStage
                0x080069fe       0x60 ./Drivers/STM32F4xx_HAL_Driver/Src/stm32f4xx_hal_tim.o
 .text.TIM_ITRx_SetConfig
                0x08006a5e       0x36 ./Drivers/STM32F4xx_HAL_Driver/Src/stm32f4xx_hal_tim.o
 .text.TIM_ETR_SetConfig
                0x08006a94       0x40 ./Drivers/STM32F4xx_HAL_Driver/Src/stm32f4xx_hal_tim.o
                0x08006a94                TIM_ETR_SetConfig
 .text.TIM_CCxChannelCmd
                0x08006ad4       0x4a ./Drivers/STM32F4xx_HAL_Driver/Src/stm32f4xx_hal_tim.o
                0x08006ad4                TIM_CCxChannelCmd
 *fill*         0x08006b1e        0x2 
 .text.HAL_TIMEx_MasterConfigSynchronization
                0x08006b20       0xb4 ./Drivers/STM32F4xx_HAL_Driver/Src/stm32f4xx_hal_tim_ex.o
                0x08006b20                HAL_TIMEx_MasterConfigSynchronization
 .text.HAL_TIMEx_ConfigBreakDeadTime
                0x08006bd4       0xa4 ./Drivers/STM32F4xx_HAL_Driver/Src/stm32f4xx_hal_tim_ex.o
                0x08006bd4                HAL_TIMEx_ConfigBreakDeadTime
 .text.HAL_HalfDuplex_Init
                0x08006c78       0xb0 ./Drivers/STM32F4xx_HAL_Driver/Src/stm32f4xx_hal_uart.o
                0x08006c78                HAL_HalfDuplex_Init
 .text.HAL_UART_IRQHandler
                0x08006d28      0x524 ./Drivers/STM32F4xx_HAL_Driver/Src/stm32f4xx_hal_uart.o
                0x08006d28                HAL_UART_IRQHandler
 .text.HAL_UART_TxCpltCallback
                0x0800724c       0x14 ./Drivers/STM32F4xx_HAL_Driver/Src/stm32f4xx_hal_uart.o
                0x0800724c                HAL_UART_TxCpltCallback
 .text.HAL_UART_RxCpltCallback
                0x08007260       0x14 ./Drivers/STM32F4xx_HAL_Driver/Src/stm32f4xx_hal_uart.o
                0x08007260                HAL_UART_RxCpltCallback
 .text.HAL_UART_ErrorCallback
                0x08007274       0x14 ./Drivers/STM32F4xx_HAL_Driver/Src/stm32f4xx_hal_uart.o
                0x08007274                HAL_UART_ErrorCallback
 .text.HAL_UARTEx_RxEventCallback
                0x08007288       0x18 ./Drivers/STM32F4xx_HAL_Driver/Src/stm32f4xx_hal_uart.o
                0x08007288                HAL_UARTEx_RxEventCallback
 .text.UART_EndRxTransfer
                0x080072a0       0xc6 ./Drivers/STM32F4xx_HAL_Driver/Src/stm32f4xx_hal_uart.o
 .text.UART_DMAAbortOnError
                0x08007366       0x28 ./Drivers/STM32F4xx_HAL_Driver/Src/stm32f4xx_hal_uart.o
 .text.UART_Transmit_IT
                0x0800738e       0xa0 ./Drivers/STM32F4xx_HAL_Driver/Src/stm32f4xx_hal_uart.o
 .text.UART_EndTransmit_IT
                0x0800742e       0x30 ./Drivers/STM32F4xx_HAL_Driver/Src/stm32f4xx_hal_uart.o
 .text.UART_Receive_IT
                0x0800745e      0x17c ./Drivers/STM32F4xx_HAL_Driver/Src/stm32f4xx_hal_uart.o
 *fill*         0x080075da        0x2 
 .text.UART_SetConfig
                0x080075dc      0x4e8 ./Drivers/STM32F4xx_HAL_Driver/Src/stm32f4xx_hal_uart.o
 .text.RTC_interface
                0x08007ac4       0x50 ./RTC/rtc.o
                0x08007ac4                RTC_interface
 .text.MX_RTC_Init
                0x08007b14       0xb4 ./RTC/rtc.o
                0x08007b14                MX_RTC_Init
 .text.button_false_init
                0x08007bc8       0x64 ./buttons/button.o
                0x08007bc8                button_false_init
 .text.EXTI9_5_IRQHandler
                0x08007c2c      0x174 ./buttons/button.o
                0x08007c2c                EXTI9_5_IRQHandler
 .text.EXTI15_10_IRQHandler
                0x08007da0      0x140 ./buttons/button.o
                0x08007da0                EXTI15_10_IRQHandler
 .text.Drive_CS_low
                0x08007ee0       0x18 ./display/display.o
                0x08007ee0                Drive_CS_low
 .text.Drive_CS_high
                0x08007ef8       0x18 ./display/display.o
                0x08007ef8                Drive_CS_high
 .text.Drive_DC_low
                0x08007f10       0x18 ./display/display.o
                0x08007f10                Drive_DC_low
 .text.Drive_DC_high
                0x08007f28       0x18 ./display/display.o
                0x08007f28                Drive_DC_high
 .text.Drive_RESET_low
                0x08007f40       0x18 ./display/display.o
                0x08007f40                Drive_RESET_low
 .text.Drive_RESET_high
                0x08007f58       0x18 ./display/display.o
                0x08007f58                Drive_RESET_high
 .text.SPI_send_byte
                0x08007f70       0x24 ./display/display.o
                0x08007f70                SPI_send_byte
 .text.SPI_send_array
                0x08007f94       0x24 ./display/display.o
                0x08007f94                SPI_send_array
 .text.msDelay  0x08007fb8       0x16 ./display/display.o
                0x08007fb8                msDelay
 .text.Display_command
                0x08007fce       0x26 ./display/display.o
                0x08007fce                Display_command
 .text.Display_data
                0x08007ff4       0x26 ./display/display.o
                0x08007ff4                Display_data
 .text.Display_init
                0x0800801a      0x118 ./display/display.o
                0x0800801a                Display_init
 .text.Display_set_window
                0x08008132       0x5a ./display/display.o
                0x08008132                Display_set_window
 .text.Send_buffer
                0x0800818c       0x2c ./display/display.o
                0x0800818c                Send_buffer
 .text.set_buffer_size
                0x080081b8       0x28 ./display/gfx.o
                0x080081b8                set_buffer_size
 .text.fill_buffer
                0x080081e0       0x60 ./display/gfx.o
                0x080081e0                fill_buffer
 .text.draw_pixel
                0x08008240       0xf8 ./display/gfx.o
                0x08008240                draw_pixel
 .text.draw_rect_filled
                0x08008338       0x5a ./display/gfx.o
                0x08008338                draw_rect_filled
 *fill*         0x08008392        0x2 
 .text.select_font
                0x08008394       0x20 ./display/gfx.o
                0x08008394                select_font
 .text.draw_char
                0x080083b4      0x130 ./display/gfx.o
                0x080083b4                draw_char
 .text.draw_text
                0x080084e4       0x68 ./display/gfx.o
                0x080084e4                draw_text
 .text.draw_bitmap_4bpp
                0x0800854c       0xa8 ./display/gfx.o
                0x0800854c                draw_bitmap_4bpp
 .text.send_buffer_to_OLED
                0x080085f4       0x3c ./display/gfx.o
                0x080085f4                send_buffer_to_OLED
 .text.mcp23017_regForPin
                0x08008630       0x2a ./ioexpansion/ioexpansion.o
 .text.mcp23017_bitForPin
                0x0800865a       0x1e ./ioexpansion/ioexpansion.o
 .text.mcp23017_readRegister
                0x08008678       0x3c ./ioexpansion/ioexpansion.o
                0x08008678                mcp23017_readRegister
 .text.mcp23017_writeRegister
                0x080086b4       0x3e ./ioexpansion/ioexpansion.o
 .text.mcp23017_updateRegisterBit
                0x080086f2       0x8a ./ioexpansion/ioexpansion.o
                0x080086f2                mcp23017_updateRegisterBit
 .text.mcp23017_init
                0x0800877c       0x7a ./ioexpansion/ioexpansion.o
                0x0800877c                mcp23017_init
 .text.mcp23017_portMode
                0x080087f6       0x9e ./ioexpansion/ioexpansion.o
                0x080087f6                mcp23017_portMode
 .text.mcp23017_pinMode
                0x08008894       0xa8 ./ioexpansion/ioexpansion.o
                0x08008894                mcp23017_pinMode
 .text.mcp23017_digitalWrite
                0x0800893c       0x9e ./ioexpansion/ioexpansion.o
                0x0800893c                mcp23017_digitalWrite
 *fill*         0x080089da        0x2 
 .text.Ex_gpio_init
                0x080089dc       0x78 ./led/led.o
                0x080089dc                Ex_gpio_init
 .text.Ex_gpio_write
                0x08008a54       0x28 ./led/led.o
                0x08008a54                Ex_gpio_write
 .text.Tempset_35_led
                0x08008a7c       0x10 ./led/led.o
                0x08008a7c                Tempset_35_led
 .text.Tempset_40_led
                0x08008a8c       0x10 ./led/led.o
                0x08008a8c                Tempset_40_led
 .text.Tempset_43_led
                0x08008a9c       0x10 ./led/led.o
                0x08008a9c                Tempset_43_led
 .text.Fanset_low_led
                0x08008aac       0x10 ./led/led.o
                0x08008aac                Fanset_low_led
 .text.Fanset_mid_led
                0x08008abc       0x10 ./led/led.o
                0x08008abc                Fanset_mid_led
 .text.Fanset_high_led
                0x08008acc       0x10 ./led/led.o
                0x08008acc                Fanset_high_led
 .text.Tempset_amb_led
                0x08008adc       0x10 ./led/led.o
                0x08008adc                Tempset_amb_led
 .text.Standbyset_led
                0x08008aec       0x10 ./led/led.o
                0x08008aec                Standbyset_led
 .text.TempReset_35_led
                0x08008afc       0x10 ./led/led.o
                0x08008afc                TempReset_35_led
 .text.TempReset_40_led
                0x08008b0c       0x10 ./led/led.o
                0x08008b0c                TempReset_40_led
 .text.TempReset_43_led
                0x08008b1c       0x10 ./led/led.o
                0x08008b1c                TempReset_43_led
 .text.FanReset_low_led
                0x08008b2c       0x10 ./led/led.o
                0x08008b2c                FanReset_low_led
 .text.FanReset_mid_led
                0x08008b3c       0x10 ./led/led.o
                0x08008b3c                FanReset_mid_led
 .text.FanReset_high_led
                0x08008b4c       0x10 ./led/led.o
                0x08008b4c                FanReset_high_led
 .text.TempReset_amb_led
                0x08008b5c       0x10 ./led/led.o
                0x08008b5c                TempReset_amb_led
 .text.StandbyReset_led
                0x08008b6c       0x10 ./led/led.o
                0x08008b6c                StandbyReset_led
 .text.led_states
                0x08008b7c       0x72 ./led/led.o
                0x08008b7c                led_states
 *fill*         0x08008bee        0x2 
 .text.MX_TIM5_Init
                0x08008bf0       0xcc ./pwm/Pwm.o
                0x08008bf0                MX_TIM5_Init
 .text.MX_TIM11_Init
                0x08008cbc       0x98 ./pwm/Pwm.o
                0x08008cbc                MX_TIM11_Init
 .text.MX_TIM1_Init
                0x08008d54      0x140 ./pwm/Pwm.o
                0x08008d54                MX_TIM1_Init
 .text.Motor_25_duty
                0x08008e94       0x20 ./pwm/Pwm.o
                0x08008e94                Motor_25_duty
 .text.Motor_55_duty
                0x08008eb4       0x20 ./pwm/Pwm.o
                0x08008eb4                Motor_55_duty
 .text.Motor_95_duty
                0x08008ed4       0x20 ./pwm/Pwm.o
                0x08008ed4                Motor_95_duty
 .text.USART_ReceiveData
                0x08008ef4       0x20 ./temp_sensor/temperature.o
                0x08008ef4                USART_ReceiveData
 .text.USART_SendData
                0x08008f14       0x22 ./temp_sensor/temperature.o
                0x08008f14                USART_SendData
 *fill*         0x08008f36        0x2 
 .text.usart_setup
                0x08008f38       0x68 ./temp_sensor/temperature.o
                0x08008f38                usart_setup
 .text.owInit   0x08008fa0       0x74 ./temp_sensor/temperature.o
                0x08008fa0                owInit
 .text.owReadHandler
                0x08009014       0x7c ./temp_sensor/temperature.o
                0x08009014                owReadHandler
 .text.owResetCmd
                0x08009090       0x2e ./temp_sensor/temperature.o
                0x08009090                owResetCmd
 .text.getUsartIndex
                0x080090be       0x10 ./temp_sensor/temperature.o
                0x080090be                getUsartIndex
 *fill*         0x080090ce        0x2 
 .text.owSend   0x080090d0       0x5c ./temp_sensor/temperature.o
                0x080090d0                owSend
 .text.owReadSlot
                0x0800912c       0x22 ./temp_sensor/temperature.o
                0x0800912c                owReadSlot
 *fill*         0x0800914e        0x2 
 .text.owEchoRead
                0x08009150       0x50 ./temp_sensor/temperature.o
                0x08009150                owEchoRead
 .text.byteToBits
                0x080091a0       0x50 ./temp_sensor/temperature.o
                0x080091a0                byteToBits
 .text.owSendByte
                0x080091f0       0x44 ./temp_sensor/temperature.o
                0x080091f0                owSendByte
 .text.owCRC    0x08009234       0x78 ./temp_sensor/temperature.o
                0x08009234                owCRC
 .text.owCRC8   0x080092ac       0x1a ./temp_sensor/temperature.o
                0x080092ac                owCRC8
 .text.hasNextRom
                0x080092c6      0x15e ./temp_sensor/temperature.o
                0x080092c6                hasNextRom
 .text.owSearchCmd
                0x08009424       0x4c ./temp_sensor/temperature.o
                0x08009424                owSearchCmd
 .text.owMatchRomCmd
                0x08009470       0x3c ./temp_sensor/temperature.o
                0x08009470                owMatchRomCmd
 .text.owConvertTemperatureCmd
                0x080094ac       0x1e ./temp_sensor/temperature.o
                0x080094ac                owConvertTemperatureCmd
 .text.owReadScratchpadCmd
                0x080094ca       0xd4 ./temp_sensor/temperature.o
                0x080094ca                owReadScratchpadCmd
 .text.readTemperature
                0x0800959e       0xda ./temp_sensor/temperature.o
                0x0800959e                readTemperature
 .text.get_ROMid
                0x08009678      0x17c ./temp_sensor/temperature.o
                0x08009678                get_ROMid
 .text.get_Temperature
                0x080097f4      0x104 ./temp_sensor/temperature.o
                0x080097f4                get_Temperature
 .text.__cvt    0x080098f8       0xca C:/ST/STM32CubeIDE_1.11.0/STM32CubeIDE/plugins/com.st.stm32cube.ide.mcu.externaltools.gnu-tools-for-stm32.12.3.rel1.win32_1.0.100.202403111256/tools/bin/../lib/gcc/arm-none-eabi/12.3.1/../../../../arm-none-eabi/lib/thumb/v7e-m+fp/hard\libc_nano.a(libc_a-nano-vfprintf_float.o)
                0x080098f8                __cvt
 .text.__exponent
                0x080099c2       0x74 C:/ST/STM32CubeIDE_1.11.0/STM32CubeIDE/plugins/com.st.stm32cube.ide.mcu.externaltools.gnu-tools-for-stm32.12.3.rel1.win32_1.0.100.202403111256/tools/bin/../lib/gcc/arm-none-eabi/12.3.1/../../../../arm-none-eabi/lib/thumb/v7e-m+fp/hard\libc_nano.a(libc_a-nano-vfprintf_float.o)
                0x080099c2                __exponent
 *fill*         0x08009a36        0x2 
 .text._printf_float
                0x08009a38      0x454 C:/ST/STM32CubeIDE_1.11.0/STM32CubeIDE/plugins/com.st.stm32cube.ide.mcu.externaltools.gnu-tools-for-stm32.12.3.rel1.win32_1.0.100.202403111256/tools/bin/../lib/gcc/arm-none-eabi/12.3.1/../../../../arm-none-eabi/lib/thumb/v7e-m+fp/hard\libc_nano.a(libc_a-nano-vfprintf_float.o)
                0x08009a38                _printf_float
 .text._printf_common
                0x08009e8c       0xda C:/ST/STM32CubeIDE_1.11.0/STM32CubeIDE/plugins/com.st.stm32cube.ide.mcu.externaltools.gnu-tools-for-stm32.12.3.rel1.win32_1.0.100.202403111256/tools/bin/../lib/gcc/arm-none-eabi/12.3.1/../../../../arm-none-eabi/lib/thumb/v7e-m+fp/hard\libc_nano.a(libc_a-nano-vfprintf_i.o)
                0x08009e8c                _printf_common
 *fill*         0x08009f66        0x2 
 .text._printf_i
                0x08009f68      0x240 C:/ST/STM32CubeIDE_1.11.0/STM32CubeIDE/plugins/com.st.stm32cube.ide.mcu.externaltools.gnu-tools-for-stm32.12.3.rel1.win32_1.0.100.202403111256/tools/bin/../lib/gcc/arm-none-eabi/12.3.1/../../../../arm-none-eabi/lib/thumb/v7e-m+fp/hard\libc_nano.a(libc_a-nano-vfprintf_i.o)
                0x08009f68                _printf_i
 .text.std      0x0800a1a8       0x6c C:/ST/STM32CubeIDE_1.11.0/STM32CubeIDE/plugins/com.st.stm32cube.ide.mcu.externaltools.gnu-tools-for-stm32.12.3.rel1.win32_1.0.100.202403111256/tools/bin/../lib/gcc/arm-none-eabi/12.3.1/../../../../arm-none-eabi/lib/thumb/v7e-m+fp/hard\libc_nano.a(libc_a-findfp.o)
 .text.stdio_exit_handler
                0x0800a214       0x18 C:/ST/STM32CubeIDE_1.11.0/STM32CubeIDE/plugins/com.st.stm32cube.ide.mcu.externaltools.gnu-tools-for-stm32.12.3.rel1.win32_1.0.100.202403111256/tools/bin/../lib/gcc/arm-none-eabi/12.3.1/../../../../arm-none-eabi/lib/thumb/v7e-m+fp/hard\libc_nano.a(libc_a-findfp.o)
 .text.cleanup_stdio
                0x0800a22c       0x40 C:/ST/STM32CubeIDE_1.11.0/STM32CubeIDE/plugins/com.st.stm32cube.ide.mcu.externaltools.gnu-tools-for-stm32.12.3.rel1.win32_1.0.100.202403111256/tools/bin/../lib/gcc/arm-none-eabi/12.3.1/../../../../arm-none-eabi/lib/thumb/v7e-m+fp/hard\libc_nano.a(libc_a-findfp.o)
 .text.global_stdio_init.part.0
                0x0800a26c       0x3c C:/ST/STM32CubeIDE_1.11.0/STM32CubeIDE/plugins/com.st.stm32cube.ide.mcu.externaltools.gnu-tools-for-stm32.12.3.rel1.win32_1.0.100.202403111256/tools/bin/../lib/gcc/arm-none-eabi/12.3.1/../../../../arm-none-eabi/lib/thumb/v7e-m+fp/hard\libc_nano.a(libc_a-findfp.o)
 .text.__sfp_lock_acquire
                0x0800a2a8        0xc C:/ST/STM32CubeIDE_1.11.0/STM32CubeIDE/plugins/com.st.stm32cube.ide.mcu.externaltools.gnu-tools-for-stm32.12.3.rel1.win32_1.0.100.202403111256/tools/bin/../lib/gcc/arm-none-eabi/12.3.1/../../../../arm-none-eabi/lib/thumb/v7e-m+fp/hard\libc_nano.a(libc_a-findfp.o)
                0x0800a2a8                __sfp_lock_acquire
 .text.__sfp_lock_release
                0x0800a2b4        0xc C:/ST/STM32CubeIDE_1.11.0/STM32CubeIDE/plugins/com.st.stm32cube.ide.mcu.externaltools.gnu-tools-for-stm32.12.3.rel1.win32_1.0.100.202403111256/tools/bin/../lib/gcc/arm-none-eabi/12.3.1/../../../../arm-none-eabi/lib/thumb/v7e-m+fp/hard\libc_nano.a(libc_a-findfp.o)
                0x0800a2b4                __sfp_lock_release
 .text.__sinit  0x0800a2c0       0x30 C:/ST/STM32CubeIDE_1.11.0/STM32CubeIDE/plugins/com.st.stm32cube.ide.mcu.externaltools.gnu-tools-for-stm32.12.3.rel1.win32_1.0.100.202403111256/tools/bin/../lib/gcc/arm-none-eabi/12.3.1/../../../../arm-none-eabi/lib/thumb/v7e-m+fp/hard\libc_nano.a(libc_a-findfp.o)
                0x0800a2c0                __sinit
 .text._fwalk_sglue
                0x0800a2f0       0x3c C:/ST/STM32CubeIDE_1.11.0/STM32CubeIDE/plugins/com.st.stm32cube.ide.mcu.externaltools.gnu-tools-for-stm32.12.3.rel1.win32_1.0.100.202403111256/tools/bin/../lib/gcc/arm-none-eabi/12.3.1/../../../../arm-none-eabi/lib/thumb/v7e-m+fp/hard\libc_nano.a(libc_a-fwalk.o)
                0x0800a2f0                _fwalk_sglue
 .text.sprintf  0x0800a32c       0x40 C:/ST/STM32CubeIDE_1.11.0/STM32CubeIDE/plugins/com.st.stm32cube.ide.mcu.externaltools.gnu-tools-for-stm32.12.3.rel1.win32_1.0.100.202403111256/tools/bin/../lib/gcc/arm-none-eabi/12.3.1/../../../../arm-none-eabi/lib/thumb/v7e-m+fp/hard\libc_nano.a(libc_a-sprintf.o)
                0x0800a32c                siprintf
                0x0800a32c                sprintf
 .text.__sread  0x0800a36c       0x22 C:/ST/STM32CubeIDE_1.11.0/STM32CubeIDE/plugins/com.st.stm32cube.ide.mcu.externaltools.gnu-tools-for-stm32.12.3.rel1.win32_1.0.100.202403111256/tools/bin/../lib/gcc/arm-none-eabi/12.3.1/../../../../arm-none-eabi/lib/thumb/v7e-m+fp/hard\libc_nano.a(libc_a-stdio.o)
                0x0800a36c                __sread
 .text.__swrite
                0x0800a38e       0x38 C:/ST/STM32CubeIDE_1.11.0/STM32CubeIDE/plugins/com.st.stm32cube.ide.mcu.externaltools.gnu-tools-for-stm32.12.3.rel1.win32_1.0.100.202403111256/tools/bin/../lib/gcc/arm-none-eabi/12.3.1/../../../../arm-none-eabi/lib/thumb/v7e-m+fp/hard\libc_nano.a(libc_a-stdio.o)
                0x0800a38e                __swrite
 .text.__sseek  0x0800a3c6       0x24 C:/ST/STM32CubeIDE_1.11.0/STM32CubeIDE/plugins/com.st.stm32cube.ide.mcu.externaltools.gnu-tools-for-stm32.12.3.rel1.win32_1.0.100.202403111256/tools/bin/../lib/gcc/arm-none-eabi/12.3.1/../../../../arm-none-eabi/lib/thumb/v7e-m+fp/hard\libc_nano.a(libc_a-stdio.o)
                0x0800a3c6                __sseek
 .text.__sclose
                0x0800a3ea        0x8 C:/ST/STM32CubeIDE_1.11.0/STM32CubeIDE/plugins/com.st.stm32cube.ide.mcu.externaltools.gnu-tools-for-stm32.12.3.rel1.win32_1.0.100.202403111256/tools/bin/../lib/gcc/arm-none-eabi/12.3.1/../../../../arm-none-eabi/lib/thumb/v7e-m+fp/hard\libc_nano.a(libc_a-stdio.o)
                0x0800a3ea                __sclose
 .text.memset   0x0800a3f2       0x10 C:/ST/STM32CubeIDE_1.11.0/STM32CubeIDE/plugins/com.st.stm32cube.ide.mcu.externaltools.gnu-tools-for-stm32.12.3.rel1.win32_1.0.100.202403111256/tools/bin/../lib/gcc/arm-none-eabi/12.3.1/../../../../arm-none-eabi/lib/thumb/v7e-m+fp/hard\libc_nano.a(libc_a-memset.o)
                0x0800a3f2                memset
 *fill*         0x0800a402        0x2 
 .text._localeconv_r
                0x0800a404        0x8 C:/ST/STM32CubeIDE_1.11.0/STM32CubeIDE/plugins/com.st.stm32cube.ide.mcu.externaltools.gnu-tools-for-stm32.12.3.rel1.win32_1.0.100.202403111256/tools/bin/../lib/gcc/arm-none-eabi/12.3.1/../../../../arm-none-eabi/lib/thumb/v7e-m+fp/hard\libc_nano.a(libc_a-localeconv.o)
                0x0800a404                _localeconv_r
 .text._close_r
                0x0800a40c       0x20 C:/ST/STM32CubeIDE_1.11.0/STM32CubeIDE/plugins/com.st.stm32cube.ide.mcu.externaltools.gnu-tools-for-stm32.12.3.rel1.win32_1.0.100.202403111256/tools/bin/../lib/gcc/arm-none-eabi/12.3.1/../../../../arm-none-eabi/lib/thumb/v7e-m+fp/hard\libc_nano.a(libc_a-closer.o)
                0x0800a40c                _close_r
 .text._lseek_r
                0x0800a42c       0x24 C:/ST/STM32CubeIDE_1.11.0/STM32CubeIDE/plugins/com.st.stm32cube.ide.mcu.externaltools.gnu-tools-for-stm32.12.3.rel1.win32_1.0.100.202403111256/tools/bin/../lib/gcc/arm-none-eabi/12.3.1/../../../../arm-none-eabi/lib/thumb/v7e-m+fp/hard\libc_nano.a(libc_a-lseekr.o)
                0x0800a42c                _lseek_r
 .text._read_r  0x0800a450       0x24 C:/ST/STM32CubeIDE_1.11.0/STM32CubeIDE/plugins/com.st.stm32cube.ide.mcu.externaltools.gnu-tools-for-stm32.12.3.rel1.win32_1.0.100.202403111256/tools/bin/../lib/gcc/arm-none-eabi/12.3.1/../../../../arm-none-eabi/lib/thumb/v7e-m+fp/hard\libc_nano.a(libc_a-readr.o)
                0x0800a450                _read_r
 .text._write_r
                0x0800a474       0x24 C:/ST/STM32CubeIDE_1.11.0/STM32CubeIDE/plugins/com.st.stm32cube.ide.mcu.externaltools.gnu-tools-for-stm32.12.3.rel1.win32_1.0.100.202403111256/tools/bin/../lib/gcc/arm-none-eabi/12.3.1/../../../../arm-none-eabi/lib/thumb/v7e-m+fp/hard\libc_nano.a(libc_a-writer.o)
                0x0800a474                _write_r
 .text.__errno  0x0800a498        0xc C:/ST/STM32CubeIDE_1.11.0/STM32CubeIDE/plugins/com.st.stm32cube.ide.mcu.externaltools.gnu-tools-for-stm32.12.3.rel1.win32_1.0.100.202403111256/tools/bin/../lib/gcc/arm-none-eabi/12.3.1/../../../../arm-none-eabi/lib/thumb/v7e-m+fp/hard\libc_nano.a(libc_a-errno.o)
                0x0800a498                __errno
 .text.__libc_init_array
                0x0800a4a4       0x48 C:/ST/STM32CubeIDE_1.11.0/STM32CubeIDE/plugins/com.st.stm32cube.ide.mcu.externaltools.gnu-tools-for-stm32.12.3.rel1.win32_1.0.100.202403111256/tools/bin/../lib/gcc/arm-none-eabi/12.3.1/../../../../arm-none-eabi/lib/thumb/v7e-m+fp/hard\libc_nano.a(libc_a-init.o)
                0x0800a4a4                __libc_init_array
 .text.__retarget_lock_init_recursive
                0x0800a4ec        0x2 C:/ST/STM32CubeIDE_1.11.0/STM32CubeIDE/plugins/com.st.stm32cube.ide.mcu.externaltools.gnu-tools-for-stm32.12.3.rel1.win32_1.0.100.202403111256/tools/bin/../lib/gcc/arm-none-eabi/12.3.1/../../../../arm-none-eabi/lib/thumb/v7e-m+fp/hard\libc_nano.a(libc_a-lock.o)
                0x0800a4ec                __retarget_lock_init_recursive
 .text.__retarget_lock_acquire_recursive
                0x0800a4ee        0x2 C:/ST/STM32CubeIDE_1.11.0/STM32CubeIDE/plugins/com.st.stm32cube.ide.mcu.externaltools.gnu-tools-for-stm32.12.3.rel1.win32_1.0.100.202403111256/tools/bin/../lib/gcc/arm-none-eabi/12.3.1/../../../../arm-none-eabi/lib/thumb/v7e-m+fp/hard\libc_nano.a(libc_a-lock.o)
                0x0800a4ee                __retarget_lock_acquire_recursive
 .text.__retarget_lock_release_recursive
                0x0800a4f0        0x2 C:/ST/STM32CubeIDE_1.11.0/STM32CubeIDE/plugins/com.st.stm32cube.ide.mcu.externaltools.gnu-tools-for-stm32.12.3.rel1.win32_1.0.100.202403111256/tools/bin/../lib/gcc/arm-none-eabi/12.3.1/../../../../arm-none-eabi/lib/thumb/v7e-m+fp/hard\libc_nano.a(libc_a-lock.o)
                0x0800a4f0                __retarget_lock_release_recursive
 .text.quorem   0x0800a4f2      0x110 C:/ST/STM32CubeIDE_1.11.0/STM32CubeIDE/plugins/com.st.stm32cube.ide.mcu.externaltools.gnu-tools-for-stm32.12.3.rel1.win32_1.0.100.202403111256/tools/bin/../lib/gcc/arm-none-eabi/12.3.1/../../../../arm-none-eabi/lib/thumb/v7e-m+fp/hard\libc_nano.a(libc_a-dtoa.o)
 *fill*         0x0800a602        0x6 
 .text._dtoa_r  0x0800a608      0xb88 C:/ST/STM32CubeIDE_1.11.0/STM32CubeIDE/plugins/com.st.stm32cube.ide.mcu.externaltools.gnu-tools-for-stm32.12.3.rel1.win32_1.0.100.202403111256/tools/bin/../lib/gcc/arm-none-eabi/12.3.1/../../../../arm-none-eabi/lib/thumb/v7e-m+fp/hard\libc_nano.a(libc_a-dtoa.o)
                0x0800a608                _dtoa_r
 .text._free_r  0x0800b190       0x94 C:/ST/STM32CubeIDE_1.11.0/STM32CubeIDE/plugins/com.st.stm32cube.ide.mcu.externaltools.gnu-tools-for-stm32.12.3.rel1.win32_1.0.100.202403111256/tools/bin/../lib/gcc/arm-none-eabi/12.3.1/../../../../arm-none-eabi/lib/thumb/v7e-m+fp/hard\libc_nano.a(libc_a-freer.o)
                0x0800b190                _free_r
 .text.malloc   0x0800b224       0x10 C:/ST/STM32CubeIDE_1.11.0/STM32CubeIDE/plugins/com.st.stm32cube.ide.mcu.externaltools.gnu-tools-for-stm32.12.3.rel1.win32_1.0.100.202403111256/tools/bin/../lib/gcc/arm-none-eabi/12.3.1/../../../../arm-none-eabi/lib/thumb/v7e-m+fp/hard\libc_nano.a(libc_a-malloc.o)
                0x0800b224                malloc
 .text.sbrk_aligned
                0x0800b234       0x44 C:/ST/STM32CubeIDE_1.11.0/STM32CubeIDE/plugins/com.st.stm32cube.ide.mcu.externaltools.gnu-tools-for-stm32.12.3.rel1.win32_1.0.100.202403111256/tools/bin/../lib/gcc/arm-none-eabi/12.3.1/../../../../arm-none-eabi/lib/thumb/v7e-m+fp/hard\libc_nano.a(libc_a-mallocr.o)
 .text._malloc_r
                0x0800b278      0x100 C:/ST/STM32CubeIDE_1.11.0/STM32CubeIDE/plugins/com.st.stm32cube.ide.mcu.externaltools.gnu-tools-for-stm32.12.3.rel1.win32_1.0.100.202403111256/tools/bin/../lib/gcc/arm-none-eabi/12.3.1/../../../../arm-none-eabi/lib/thumb/v7e-m+fp/hard\libc_nano.a(libc_a-mallocr.o)
                0x0800b278                _malloc_r
 .text.__malloc_lock
                0x0800b378        0xc C:/ST/STM32CubeIDE_1.11.0/STM32CubeIDE/plugins/com.st.stm32cube.ide.mcu.externaltools.gnu-tools-for-stm32.12.3.rel1.win32_1.0.100.202403111256/tools/bin/../lib/gcc/arm-none-eabi/12.3.1/../../../../arm-none-eabi/lib/thumb/v7e-m+fp/hard\libc_nano.a(libc_a-mlock.o)
                0x0800b378                __malloc_lock
 .text.__malloc_unlock
                0x0800b384        0xc C:/ST/STM32CubeIDE_1.11.0/STM32CubeIDE/plugins/com.st.stm32cube.ide.mcu.externaltools.gnu-tools-for-stm32.12.3.rel1.win32_1.0.100.202403111256/tools/bin/../lib/gcc/arm-none-eabi/12.3.1/../../../../arm-none-eabi/lib/thumb/v7e-m+fp/hard\libc_nano.a(libc_a-mlock.o)
                0x0800b384                __malloc_unlock
 .text._Balloc  0x0800b390       0x80 C:/ST/STM32CubeIDE_1.11.0/STM32CubeIDE/plugins/com.st.stm32cube.ide.mcu.externaltools.gnu-tools-for-stm32.12.3.rel1.win32_1.0.100.202403111256/tools/bin/../lib/gcc/arm-none-eabi/12.3.1/../../../../arm-none-eabi/lib/thumb/v7e-m+fp/hard\libc_nano.a(libc_a-mprec.o)
                0x0800b390                _Balloc
 .text._Bfree   0x0800b410       0x44 C:/ST/STM32CubeIDE_1.11.0/STM32CubeIDE/plugins/com.st.stm32cube.ide.mcu.externaltools.gnu-tools-for-stm32.12.3.rel1.win32_1.0.100.202403111256/tools/bin/../lib/gcc/arm-none-eabi/12.3.1/../../../../arm-none-eabi/lib/thumb/v7e-m+fp/hard\libc_nano.a(libc_a-mprec.o)
                0x0800b410                _Bfree
 .text.__multadd
                0x0800b454       0x8c C:/ST/STM32CubeIDE_1.11.0/STM32CubeIDE/plugins/com.st.stm32cube.ide.mcu.externaltools.gnu-tools-for-stm32.12.3.rel1.win32_1.0.100.202403111256/tools/bin/../lib/gcc/arm-none-eabi/12.3.1/../../../../arm-none-eabi/lib/thumb/v7e-m+fp/hard\libc_nano.a(libc_a-mprec.o)
                0x0800b454                __multadd
 .text.__hi0bits
                0x0800b4e0       0x3e C:/ST/STM32CubeIDE_1.11.0/STM32CubeIDE/plugins/com.st.stm32cube.ide.mcu.externaltools.gnu-tools-for-stm32.12.3.rel1.win32_1.0.100.202403111256/tools/bin/../lib/gcc/arm-none-eabi/12.3.1/../../../../arm-none-eabi/lib/thumb/v7e-m+fp/hard\libc_nano.a(libc_a-mprec.o)
                0x0800b4e0                __hi0bits
 .text.__lo0bits
                0x0800b51e       0x5a C:/ST/STM32CubeIDE_1.11.0/STM32CubeIDE/plugins/com.st.stm32cube.ide.mcu.externaltools.gnu-tools-for-stm32.12.3.rel1.win32_1.0.100.202403111256/tools/bin/../lib/gcc/arm-none-eabi/12.3.1/../../../../arm-none-eabi/lib/thumb/v7e-m+fp/hard\libc_nano.a(libc_a-mprec.o)
                0x0800b51e                __lo0bits
 .text.__i2b    0x0800b578       0x2c C:/ST/STM32CubeIDE_1.11.0/STM32CubeIDE/plugins/com.st.stm32cube.ide.mcu.externaltools.gnu-tools-for-stm32.12.3.rel1.win32_1.0.100.202403111256/tools/bin/../lib/gcc/arm-none-eabi/12.3.1/../../../../arm-none-eabi/lib/thumb/v7e-m+fp/hard\libc_nano.a(libc_a-mprec.o)
                0x0800b578                __i2b
 .text.__multiply
                0x0800b5a4      0x154 C:/ST/STM32CubeIDE_1.11.0/STM32CubeIDE/plugins/com.st.stm32cube.ide.mcu.externaltools.gnu-tools-for-stm32.12.3.rel1.win32_1.0.100.202403111256/tools/bin/../lib/gcc/arm-none-eabi/12.3.1/../../../../arm-none-eabi/lib/thumb/v7e-m+fp/hard\libc_nano.a(libc_a-mprec.o)
                0x0800b5a4                __multiply
 .text.__pow5mult
                0x0800b6f8       0xb4 C:/ST/STM32CubeIDE_1.11.0/STM32CubeIDE/plugins/com.st.stm32cube.ide.mcu.externaltools.gnu-tools-for-stm32.12.3.rel1.win32_1.0.100.202403111256/tools/bin/../lib/gcc/arm-none-eabi/12.3.1/../../../../arm-none-eabi/lib/thumb/v7e-m+fp/hard\libc_nano.a(libc_a-mprec.o)
                0x0800b6f8                __pow5mult
 .text.__lshift
                0x0800b7ac       0xd8 C:/ST/STM32CubeIDE_1.11.0/STM32CubeIDE/plugins/com.st.stm32cube.ide.mcu.externaltools.gnu-tools-for-stm32.12.3.rel1.win32_1.0.100.202403111256/tools/bin/../lib/gcc/arm-none-eabi/12.3.1/../../../../arm-none-eabi/lib/thumb/v7e-m+fp/hard\libc_nano.a(libc_a-mprec.o)
                0x0800b7ac                __lshift
 .text.__mcmp   0x0800b884       0x36 C:/ST/STM32CubeIDE_1.11.0/STM32CubeIDE/plugins/com.st.stm32cube.ide.mcu.externaltools.gnu-tools-for-stm32.12.3.rel1.win32_1.0.100.202403111256/tools/bin/../lib/gcc/arm-none-eabi/12.3.1/../../../../arm-none-eabi/lib/thumb/v7e-m+fp/hard\libc_nano.a(libc_a-mprec.o)
                0x0800b884                __mcmp
 *fill*         0x0800b8ba        0x2 
 .text.__mdiff  0x0800b8bc      0x128 C:/ST/STM32CubeIDE_1.11.0/STM32CubeIDE/plugins/com.st.stm32cube.ide.mcu.externaltools.gnu-tools-for-stm32.12.3.rel1.win32_1.0.100.202403111256/tools/bin/../lib/gcc/arm-none-eabi/12.3.1/../../../../arm-none-eabi/lib/thumb/v7e-m+fp/hard\libc_nano.a(libc_a-mprec.o)
                0x0800b8bc                __mdiff
 .text.__d2b    0x0800b9e4       0xb0 C:/ST/STM32CubeIDE_1.11.0/STM32CubeIDE/plugins/com.st.stm32cube.ide.mcu.externaltools.gnu-tools-for-stm32.12.3.rel1.win32_1.0.100.202403111256/tools/bin/../lib/gcc/arm-none-eabi/12.3.1/../../../../arm-none-eabi/lib/thumb/v7e-m+fp/hard\libc_nano.a(libc_a-mprec.o)
                0x0800b9e4                __d2b
 .text.__ssputs_r
                0x0800ba94       0xb6 C:/ST/STM32CubeIDE_1.11.0/STM32CubeIDE/plugins/com.st.stm32cube.ide.mcu.externaltools.gnu-tools-for-stm32.12.3.rel1.win32_1.0.100.202403111256/tools/bin/../lib/gcc/arm-none-eabi/12.3.1/../../../../arm-none-eabi/lib/thumb/v7e-m+fp/hard\libc_nano.a(libc_a-nano-svfprintf.o)
                0x0800ba94                __ssputs_r
 *fill*         0x0800bb4a        0x2 
 .text._svfprintf_r
                0x0800bb4c      0x1f8 C:/ST/STM32CubeIDE_1.11.0/STM32CubeIDE/plugins/com.st.stm32cube.ide.mcu.externaltools.gnu-tools-for-stm32.12.3.rel1.win32_1.0.100.202403111256/tools/bin/../lib/gcc/arm-none-eabi/12.3.1/../../../../arm-none-eabi/lib/thumb/v7e-m+fp/hard\libc_nano.a(libc_a-nano-svfprintf.o)
                0x0800bb4c                _svfiprintf_r
                0x0800bb4c                _svfprintf_r
 .text.__sflush_r
                0x0800bd44      0x108 C:/ST/STM32CubeIDE_1.11.0/STM32CubeIDE/plugins/com.st.stm32cube.ide.mcu.externaltools.gnu-tools-for-stm32.12.3.rel1.win32_1.0.100.202403111256/tools/bin/../lib/gcc/arm-none-eabi/12.3.1/../../../../arm-none-eabi/lib/thumb/v7e-m+fp/hard\libc_nano.a(libc_a-fflush.o)
                0x0800bd44                __sflush_r
 .text._fflush_r
                0x0800be4c       0x50 C:/ST/STM32CubeIDE_1.11.0/STM32CubeIDE/plugins/com.st.stm32cube.ide.mcu.externaltools.gnu-tools-for-stm32.12.3.rel1.win32_1.0.100.202403111256/tools/bin/../lib/gcc/arm-none-eabi/12.3.1/../../../../arm-none-eabi/lib/thumb/v7e-m+fp/hard\libc_nano.a(libc_a-fflush.o)
                0x0800be4c                _fflush_r
 .text.memmove  0x0800be9c       0x34 C:/ST/STM32CubeIDE_1.11.0/STM32CubeIDE/plugins/com.st.stm32cube.ide.mcu.externaltools.gnu-tools-for-stm32.12.3.rel1.win32_1.0.100.202403111256/tools/bin/../lib/gcc/arm-none-eabi/12.3.1/../../../../arm-none-eabi/lib/thumb/v7e-m+fp/hard\libc_nano.a(libc_a-memmove.o)
                0x0800be9c                memmove
 .text._sbrk_r  0x0800bed0       0x20 C:/ST/STM32CubeIDE_1.11.0/STM32CubeIDE/plugins/com.st.stm32cube.ide.mcu.externaltools.gnu-tools-for-stm32.12.3.rel1.win32_1.0.100.202403111256/tools/bin/../lib/gcc/arm-none-eabi/12.3.1/../../../../arm-none-eabi/lib/thumb/v7e-m+fp/hard\libc_nano.a(libc_a-sbrkr.o)
                0x0800bed0                _sbrk_r
 .text.memcpy   0x0800bef0       0x1c C:/ST/STM32CubeIDE_1.11.0/STM32CubeIDE/plugins/com.st.stm32cube.ide.mcu.externaltools.gnu-tools-for-stm32.12.3.rel1.win32_1.0.100.202403111256/tools/bin/../lib/gcc/arm-none-eabi/12.3.1/../../../../arm-none-eabi/lib/thumb/v7e-m+fp/hard\libc_nano.a(libc_a-memcpy-stub.o)
                0x0800bef0                memcpy
 .text.__assert_func
                0x0800bf0c       0x3c C:/ST/STM32CubeIDE_1.11.0/STM32CubeIDE/plugins/com.st.stm32cube.ide.mcu.externaltools.gnu-tools-for-stm32.12.3.rel1.win32_1.0.100.202403111256/tools/bin/../lib/gcc/arm-none-eabi/12.3.1/../../../../arm-none-eabi/lib/thumb/v7e-m+fp/hard\libc_nano.a(libc_a-assert.o)
                0x0800bf0c                __assert_func
 .text._calloc_r
                0x0800bf48       0x28 C:/ST/STM32CubeIDE_1.11.0/STM32CubeIDE/plugins/com.st.stm32cube.ide.mcu.externaltools.gnu-tools-for-stm32.12.3.rel1.win32_1.0.100.202403111256/tools/bin/../lib/gcc/arm-none-eabi/12.3.1/../../../../arm-none-eabi/lib/thumb/v7e-m+fp/hard\libc_nano.a(libc_a-callocr.o)
                0x0800bf48                _calloc_r
 .text.__ascii_mbtowc
                0x0800bf70       0x24 C:/ST/STM32CubeIDE_1.11.0/STM32CubeIDE/plugins/com.st.stm32cube.ide.mcu.externaltools.gnu-tools-for-stm32.12.3.rel1.win32_1.0.100.202403111256/tools/bin/../lib/gcc/arm-none-eabi/12.3.1/../../../../arm-none-eabi/lib/thumb/v7e-m+fp/hard\libc_nano.a(libc_a-mbtowc_r.o)
                0x0800bf70                __ascii_mbtowc
 .text._realloc_r
                0x0800bf94       0x5c C:/ST/STM32CubeIDE_1.11.0/STM32CubeIDE/plugins/com.st.stm32cube.ide.mcu.externaltools.gnu-tools-for-stm32.12.3.rel1.win32_1.0.100.202403111256/tools/bin/../lib/gcc/arm-none-eabi/12.3.1/../../../../arm-none-eabi/lib/thumb/v7e-m+fp/hard\libc_nano.a(libc_a-reallocr.o)
                0x0800bf94                _realloc_r
 .text.__ascii_wctomb
                0x0800bff0       0x1a C:/ST/STM32CubeIDE_1.11.0/STM32CubeIDE/plugins/com.st.stm32cube.ide.mcu.externaltools.gnu-tools-for-stm32.12.3.rel1.win32_1.0.100.202403111256/tools/bin/../lib/gcc/arm-none-eabi/12.3.1/../../../../arm-none-eabi/lib/thumb/v7e-m+fp/hard\libc_nano.a(libc_a-wctomb_r.o)
                0x0800bff0                __ascii_wctomb
 *fill*         0x0800c00a        0x2 
 .text.fprintf  0x0800c00c       0x24 C:/ST/STM32CubeIDE_1.11.0/STM32CubeIDE/plugins/com.st.stm32cube.ide.mcu.externaltools.gnu-tools-for-stm32.12.3.rel1.win32_1.0.100.202403111256/tools/bin/../lib/gcc/arm-none-eabi/12.3.1/../../../../arm-none-eabi/lib/thumb/v7e-m+fp/hard\libc_nano.a(libc_a-fprintf.o)
                0x0800c00c                fiprintf
                0x0800c00c                fprintf
 .text.abort    0x0800c030        0xe C:/ST/STM32CubeIDE_1.11.0/STM32CubeIDE/plugins/com.st.stm32cube.ide.mcu.externaltools.gnu-tools-for-stm32.12.3.rel1.win32_1.0.100.202403111256/tools/bin/../lib/gcc/arm-none-eabi/12.3.1/../../../../arm-none-eabi/lib/thumb/v7e-m+fp/hard\libc_nano.a(libc_a-abort.o)
                0x0800c030                abort
 .text._malloc_usable_size_r
                0x0800c03e       0x10 C:/ST/STM32CubeIDE_1.11.0/STM32CubeIDE/plugins/com.st.stm32cube.ide.mcu.externaltools.gnu-tools-for-stm32.12.3.rel1.win32_1.0.100.202403111256/tools/bin/../lib/gcc/arm-none-eabi/12.3.1/../../../../arm-none-eabi/lib/thumb/v7e-m+fp/hard\libc_nano.a(libc_a-msizer.o)
                0x0800c03e                _malloc_usable_size_r
 .text.__sfputc_r
                0x0800c04e       0x2e C:/ST/STM32CubeIDE_1.11.0/STM32CubeIDE/plugins/com.st.stm32cube.ide.mcu.externaltools.gnu-tools-for-stm32.12.3.rel1.win32_1.0.100.202403111256/tools/bin/../lib/gcc/arm-none-eabi/12.3.1/../../../../arm-none-eabi/lib/thumb/v7e-m+fp/hard\libc_nano.a(libc_a-nano-vfprintf.o)
 .text.__sfputs_r
                0x0800c07c       0x24 C:/ST/STM32CubeIDE_1.11.0/STM32CubeIDE/plugins/com.st.stm32cube.ide.mcu.externaltools.gnu-tools-for-stm32.12.3.rel1.win32_1.0.100.202403111256/tools/bin/../lib/gcc/arm-none-eabi/12.3.1/../../../../arm-none-eabi/lib/thumb/v7e-m+fp/hard\libc_nano.a(libc_a-nano-vfprintf.o)
                0x0800c07c                __sfputs_r
 .text._vfprintf_r
                0x0800c0a0      0x230 C:/ST/STM32CubeIDE_1.11.0/STM32CubeIDE/plugins/com.st.stm32cube.ide.mcu.externaltools.gnu-tools-for-stm32.12.3.rel1.win32_1.0.100.202403111256/tools/bin/../lib/gcc/arm-none-eabi/12.3.1/../../../../arm-none-eabi/lib/thumb/v7e-m+fp/hard\libc_nano.a(libc_a-nano-vfprintf.o)
                0x0800c0a0                _vfprintf_r
                0x0800c0a0                _vfiprintf_r
 .text.__swbuf_r
                0x0800c2d0       0x7c C:/ST/STM32CubeIDE_1.11.0/STM32CubeIDE/plugins/com.st.stm32cube.ide.mcu.externaltools.gnu-tools-for-stm32.12.3.rel1.win32_1.0.100.202403111256/tools/bin/../lib/gcc/arm-none-eabi/12.3.1/../../../../arm-none-eabi/lib/thumb/v7e-m+fp/hard\libc_nano.a(libc_a-wbuf.o)
                0x0800c2d0                __swbuf_r
 .text.__swsetup_r
                0x0800c34c       0xac C:/ST/STM32CubeIDE_1.11.0/STM32CubeIDE/plugins/com.st.stm32cube.ide.mcu.externaltools.gnu-tools-for-stm32.12.3.rel1.win32_1.0.100.202403111256/tools/bin/../lib/gcc/arm-none-eabi/12.3.1/../../../../arm-none-eabi/lib/thumb/v7e-m+fp/hard\libc_nano.a(libc_a-wsetup.o)
                0x0800c34c                __swsetup_r
 .text._raise_r
                0x0800c3f8       0x50 C:/ST/STM32CubeIDE_1.11.0/STM32CubeIDE/plugins/com.st.stm32cube.ide.mcu.externaltools.gnu-tools-for-stm32.12.3.rel1.win32_1.0.100.202403111256/tools/bin/../lib/gcc/arm-none-eabi/12.3.1/../../../../arm-none-eabi/lib/thumb/v7e-m+fp/hard\libc_nano.a(libc_a-signal.o)
                0x0800c3f8                _raise_r
 .text.raise    0x0800c448       0x10 C:/ST/STM32CubeIDE_1.11.0/STM32CubeIDE/plugins/com.st.stm32cube.ide.mcu.externaltools.gnu-tools-for-stm32.12.3.rel1.win32_1.0.100.202403111256/tools/bin/../lib/gcc/arm-none-eabi/12.3.1/../../../../arm-none-eabi/lib/thumb/v7e-m+fp/hard\libc_nano.a(libc_a-signal.o)
                0x0800c448                raise
 .text._kill_r  0x0800c458       0x24 C:/ST/STM32CubeIDE_1.11.0/STM32CubeIDE/plugins/com.st.stm32cube.ide.mcu.externaltools.gnu-tools-for-stm32.12.3.rel1.win32_1.0.100.202403111256/tools/bin/../lib/gcc/arm-none-eabi/12.3.1/../../../../arm-none-eabi/lib/thumb/v7e-m+fp/hard\libc_nano.a(libc_a-signalr.o)
                0x0800c458                _kill_r
 .text._getpid_r
                0x0800c47c        0x4 C:/ST/STM32CubeIDE_1.11.0/STM32CubeIDE/plugins/com.st.stm32cube.ide.mcu.externaltools.gnu-tools-for-stm32.12.3.rel1.win32_1.0.100.202403111256/tools/bin/../lib/gcc/arm-none-eabi/12.3.1/../../../../arm-none-eabi/lib/thumb/v7e-m+fp/hard\libc_nano.a(libc_a-signalr.o)
                0x0800c47c                _getpid_r
 .text.__swhatbuf_r
                0x0800c480       0x4c C:/ST/STM32CubeIDE_1.11.0/STM32CubeIDE/plugins/com.st.stm32cube.ide.mcu.externaltools.gnu-tools-for-stm32.12.3.rel1.win32_1.0.100.202403111256/tools/bin/../lib/gcc/arm-none-eabi/12.3.1/../../../../arm-none-eabi/lib/thumb/v7e-m+fp/hard\libc_nano.a(libc_a-makebuf.o)
                0x0800c480                __swhatbuf_r
 .text.__smakebuf_r
                0x0800c4cc       0x78 C:/ST/STM32CubeIDE_1.11.0/STM32CubeIDE/plugins/com.st.stm32cube.ide.mcu.externaltools.gnu-tools-for-stm32.12.3.rel1.win32_1.0.100.202403111256/tools/bin/../lib/gcc/arm-none-eabi/12.3.1/../../../../arm-none-eabi/lib/thumb/v7e-m+fp/hard\libc_nano.a(libc_a-makebuf.o)
                0x0800c4cc                __smakebuf_r
 .text._fstat_r
                0x0800c544       0x24 C:/ST/STM32CubeIDE_1.11.0/STM32CubeIDE/plugins/com.st.stm32cube.ide.mcu.externaltools.gnu-tools-for-stm32.12.3.rel1.win32_1.0.100.202403111256/tools/bin/../lib/gcc/arm-none-eabi/12.3.1/../../../../arm-none-eabi/lib/thumb/v7e-m+fp/hard\libc_nano.a(libc_a-fstatr.o)
                0x0800c544                _fstat_r
 .text._isatty_r
                0x0800c568       0x20 C:/ST/STM32CubeIDE_1.11.0/STM32CubeIDE/plugins/com.st.stm32cube.ide.mcu.externaltools.gnu-tools-for-stm32.12.3.rel1.win32_1.0.100.202403111256/tools/bin/../lib/gcc/arm-none-eabi/12.3.1/../../../../arm-none-eabi/lib/thumb/v7e-m+fp/hard\libc_nano.a(libc_a-isattyr.o)
                0x0800c568                _isatty_r
 *(.glue_7)
 .glue_7        0x0800c588        0x0 linker stubs
 *(.glue_7t)
 .glue_7t       0x0800c588        0x0 linker stubs
 *(.eh_frame)
 .eh_frame      0x0800c588        0x0 C:/ST/STM32CubeIDE_1.11.0/STM32CubeIDE/plugins/com.st.stm32cube.ide.mcu.externaltools.gnu-tools-for-stm32.12.3.rel1.win32_1.0.100.202403111256/tools/bin/../lib/gcc/arm-none-eabi/12.3.1/thumb/v7e-m+fp/hard/crtbegin.o
 *(.init)
 .init          0x0800c588        0x4 C:/ST/STM32CubeIDE_1.11.0/STM32CubeIDE/plugins/com.st.stm32cube.ide.mcu.externaltools.gnu-tools-for-stm32.12.3.rel1.win32_1.0.100.202403111256/tools/bin/../lib/gcc/arm-none-eabi/12.3.1/thumb/v7e-m+fp/hard/crti.o
                0x0800c588                _init
 .init          0x0800c58c        0x8 C:/ST/STM32CubeIDE_1.11.0/STM32CubeIDE/plugins/com.st.stm32cube.ide.mcu.externaltools.gnu-tools-for-stm32.12.3.rel1.win32_1.0.100.202403111256/tools/bin/../lib/gcc/arm-none-eabi/12.3.1/thumb/v7e-m+fp/hard/crtn.o
 *(.fini)
 .fini          0x0800c594        0x4 C:/ST/STM32CubeIDE_1.11.0/STM32CubeIDE/plugins/com.st.stm32cube.ide.mcu.externaltools.gnu-tools-for-stm32.12.3.rel1.win32_1.0.100.202403111256/tools/bin/../lib/gcc/arm-none-eabi/12.3.1/thumb/v7e-m+fp/hard/crti.o
                0x0800c594                _fini
 .fini          0x0800c598        0x8 C:/ST/STM32CubeIDE_1.11.0/STM32CubeIDE/plugins/com.st.stm32cube.ide.mcu.externaltools.gnu-tools-for-stm32.12.3.rel1.win32_1.0.100.202403111256/tools/bin/../lib/gcc/arm-none-eabi/12.3.1/thumb/v7e-m+fp/hard/crtn.o
                0x0800c5a0                        . = ALIGN (0x4)
                0x0800c5a0                        _etext = .

.vfp11_veneer   0x0800c5a0        0x0
 .vfp11_veneer  0x0800c5a0        0x0 linker stubs

.v4_bx          0x0800c5a0        0x0
 .v4_bx         0x0800c5a0        0x0 linker stubs

.iplt           0x0800c5a0        0x0
 .iplt          0x0800c5a0        0x0 C:/ST/STM32CubeIDE_1.11.0/STM32CubeIDE/plugins/com.st.stm32cube.ide.mcu.externaltools.gnu-tools-for-stm32.12.3.rel1.win32_1.0.100.202403111256/tools/bin/../lib/gcc/arm-none-eabi/12.3.1/thumb/v7e-m+fp/hard/crtbegin.o

.rodata         0x0800c5a0     0x5070
                0x0800c5a0                        . = ALIGN (0x4)
 *(.rodata)
 .rodata        0x0800c5a0       0xa6 ./App/app.o
 *fill*         0x0800c646        0x2 
 .rodata        0x0800c648        0xf ./RTC/rtc.o
 *fill*         0x0800c657        0x1 
 .rodata        0x0800c658       0x59 ./temp_sensor/temperature.o
 *(.rodata*)
 *fill*         0x0800c6b1        0x3 
 .rodata.FreeMonoBold12pt7bBitmaps
                0x0800c6b4      0x6c2 ./App/app.o
                0x0800c6b4                FreeMonoBold12pt7bBitmaps
 *fill*         0x0800cd76        0x2 
 .rodata.FreeMonoBold12pt7bGlyphs
                0x0800cd78      0x2f8 ./App/app.o
                0x0800cd78                FreeMonoBold12pt7bGlyphs
 .rodata.FreeMonoBold12pt7b
                0x0800d070       0x10 ./App/app.o
                0x0800d070                FreeMonoBold12pt7b
 .rodata.FixedMono5x7Bitmaps
                0x0800d080      0x180 ./App/app.o
                0x0800d080                FixedMono5x7Bitmaps
 .rodata.FixedMono5x7Glyphs
                0x0800d200      0x2f8 ./App/app.o
                0x0800d200                FixedMono5x7Glyphs
 .rodata.Font5x7FixedMono
                0x0800d4f8       0x10 ./App/app.o
                0x0800d4f8                Font5x7FixedMono
 .rodata.FreeMono9pt7bBitmaps
                0x0800d508      0x34c ./App/app.o
                0x0800d508                FreeMono9pt7bBitmaps
 .rodata.FreeMono9pt7bGlyphs
                0x0800d854      0x2f8 ./App/app.o
                0x0800d854                FreeMono9pt7bGlyphs
 .rodata.FreeMono9pt7b
                0x0800db4c       0x10 ./App/app.o
                0x0800db4c                FreeMono9pt7b
 .rodata.DSEG7_Classic_Bold_16Bitmaps
                0x0800db5c      0x51d ./App/app.o
                0x0800db5c                DSEG7_Classic_Bold_16Bitmaps
 *fill*         0x0800e079        0x3 
 .rodata.DSEG7_Classic_Bold_16Glyphs
                0x0800e07c      0x2f0 ./App/app.o
                0x0800e07c                DSEG7_Classic_Bold_16Glyphs
 .rodata.DSEG7_Classic_Bold_16
                0x0800e36c       0x10 ./App/app.o
                0x0800e36c                DSEG7_Classic_Bold_16
 .rodata.Seven_Segment32pt7bBitmaps
                0x0800e37c     0x2bff ./App/app.o
                0x0800e37c                Seven_Segment32pt7bBitmaps
 *fill*         0x08010f7b        0x1 
 .rodata.Seven_Segment32pt7bGlyphs
                0x08010f7c      0x2f8 ./App/app.o
                0x08010f7c                Seven_Segment32pt7bGlyphs
 .rodata.Seven_Segment32pt7b
                0x08011274       0x10 ./App/app.o
                0x08011274                Seven_Segment32pt7b
 .rodata.AHBPrescTable
                0x08011284       0x10 ./Core/Src/system_stm32f4xx.o
                0x08011284                AHBPrescTable
 .rodata.APBPrescTable
                0x08011294        0x8 ./Core/Src/system_stm32f4xx.o
                0x08011294                APBPrescTable
 .rodata._printf_float.str1.1
                0x0801129c       0x12 C:/ST/STM32CubeIDE_1.11.0/STM32CubeIDE/plugins/com.st.stm32cube.ide.mcu.externaltools.gnu-tools-for-stm32.12.3.rel1.win32_1.0.100.202403111256/tools/bin/../lib/gcc/arm-none-eabi/12.3.1/../../../../arm-none-eabi/lib/thumb/v7e-m+fp/hard\libc_nano.a(libc_a-nano-vfprintf_float.o)
 .rodata._printf_i.str1.1
                0x080112ae       0x22 C:/ST/STM32CubeIDE_1.11.0/STM32CubeIDE/plugins/com.st.stm32cube.ide.mcu.externaltools.gnu-tools-for-stm32.12.3.rel1.win32_1.0.100.202403111256/tools/bin/../lib/gcc/arm-none-eabi/12.3.1/../../../../arm-none-eabi/lib/thumb/v7e-m+fp/hard\libc_nano.a(libc_a-nano-vfprintf_i.o)
 .rodata._dtoa_r.str1.1
                0x080112d0       0x8d C:/ST/STM32CubeIDE_1.11.0/STM32CubeIDE/plugins/com.st.stm32cube.ide.mcu.externaltools.gnu-tools-for-stm32.12.3.rel1.win32_1.0.100.202403111256/tools/bin/../lib/gcc/arm-none-eabi/12.3.1/../../../../arm-none-eabi/lib/thumb/v7e-m+fp/hard\libc_nano.a(libc_a-dtoa.o)
                                 0x8f (size before relaxing)
 .rodata._Balloc.str1.1
                0x0801135d       0x59 C:/ST/STM32CubeIDE_1.11.0/STM32CubeIDE/plugins/com.st.stm32cube.ide.mcu.externaltools.gnu-tools-for-stm32.12.3.rel1.win32_1.0.100.202403111256/tools/bin/../lib/gcc/arm-none-eabi/12.3.1/../../../../arm-none-eabi/lib/thumb/v7e-m+fp/hard\libc_nano.a(libc_a-mprec.o)
                                 0x70 (size before relaxing)
 .rodata.__multadd.str1.1
                0x080113b6       0x11 C:/ST/STM32CubeIDE_1.11.0/STM32CubeIDE/plugins/com.st.stm32cube.ide.mcu.externaltools.gnu-tools-for-stm32.12.3.rel1.win32_1.0.100.202403111256/tools/bin/../lib/gcc/arm-none-eabi/12.3.1/../../../../arm-none-eabi/lib/thumb/v7e-m+fp/hard\libc_nano.a(libc_a-mprec.o)
 *fill*         0x080113b6        0x2 
 .rodata.p05.0  0x080113b8        0xc C:/ST/STM32CubeIDE_1.11.0/STM32CubeIDE/plugins/com.st.stm32cube.ide.mcu.externaltools.gnu-tools-for-stm32.12.3.rel1.win32_1.0.100.202403111256/tools/bin/../lib/gcc/arm-none-eabi/12.3.1/../../../../arm-none-eabi/lib/thumb/v7e-m+fp/hard\libc_nano.a(libc_a-mprec.o)
 *fill*         0x080113c4        0x4 
 .rodata.__mprec_bigtens
                0x080113c8       0x28 C:/ST/STM32CubeIDE_1.11.0/STM32CubeIDE/plugins/com.st.stm32cube.ide.mcu.externaltools.gnu-tools-for-stm32.12.3.rel1.win32_1.0.100.202403111256/tools/bin/../lib/gcc/arm-none-eabi/12.3.1/../../../../arm-none-eabi/lib/thumb/v7e-m+fp/hard\libc_nano.a(libc_a-mprec.o)
                0x080113c8                __mprec_bigtens
 .rodata.__mprec_tens
                0x080113f0       0xc8 C:/ST/STM32CubeIDE_1.11.0/STM32CubeIDE/plugins/com.st.stm32cube.ide.mcu.externaltools.gnu-tools-for-stm32.12.3.rel1.win32_1.0.100.202403111256/tools/bin/../lib/gcc/arm-none-eabi/12.3.1/../../../../arm-none-eabi/lib/thumb/v7e-m+fp/hard\libc_nano.a(libc_a-mprec.o)
                0x080113f0                __mprec_tens
 .rodata._svfprintf_r.str1.1
                0x080114b8       0x11 C:/ST/STM32CubeIDE_1.11.0/STM32CubeIDE/plugins/com.st.stm32cube.ide.mcu.externaltools.gnu-tools-for-stm32.12.3.rel1.win32_1.0.100.202403111256/tools/bin/../lib/gcc/arm-none-eabi/12.3.1/../../../../arm-none-eabi/lib/thumb/v7e-m+fp/hard\libc_nano.a(libc_a-nano-svfprintf.o)
 .rodata._setlocale_r.str1.1
                0x080114c9        0x8 C:/ST/STM32CubeIDE_1.11.0/STM32CubeIDE/plugins/com.st.stm32cube.ide.mcu.externaltools.gnu-tools-for-stm32.12.3.rel1.win32_1.0.100.202403111256/tools/bin/../lib/gcc/arm-none-eabi/12.3.1/../../../../arm-none-eabi/lib/thumb/v7e-m+fp/hard\libc_nano.a(libc_a-locale.o)
                                  0x9 (size before relaxing)
 .rodata.str1.1
                0x080114d1        0x2 C:/ST/STM32CubeIDE_1.11.0/STM32CubeIDE/plugins/com.st.stm32cube.ide.mcu.externaltools.gnu-tools-for-stm32.12.3.rel1.win32_1.0.100.202403111256/tools/bin/../lib/gcc/arm-none-eabi/12.3.1/../../../../arm-none-eabi/lib/thumb/v7e-m+fp/hard\libc_nano.a(libc_a-locale.o)
 .rodata.__assert_func.str1.1
                0x080114d3       0x3c C:/ST/STM32CubeIDE_1.11.0/STM32CubeIDE/plugins/com.st.stm32cube.ide.mcu.externaltools.gnu-tools-for-stm32.12.3.rel1.win32_1.0.100.202403111256/tools/bin/../lib/gcc/arm-none-eabi/12.3.1/../../../../arm-none-eabi/lib/thumb/v7e-m+fp/hard\libc_nano.a(libc_a-assert.o)
                                 0x3d (size before relaxing)
 .rodata._ctype_
                0x0801150f      0x101 C:/ST/STM32CubeIDE_1.11.0/STM32CubeIDE/plugins/com.st.stm32cube.ide.mcu.externaltools.gnu-tools-for-stm32.12.3.rel1.win32_1.0.100.202403111256/tools/bin/../lib/gcc/arm-none-eabi/12.3.1/../../../../arm-none-eabi/lib/thumb/v7e-m+fp/hard\libc_nano.a(libc_a-ctype_.o)
                0x0801150f                _ctype_
 .rodata._vfprintf_r.str1.1
                0x08011610       0x11 C:/ST/STM32CubeIDE_1.11.0/STM32CubeIDE/plugins/com.st.stm32cube.ide.mcu.externaltools.gnu-tools-for-stm32.12.3.rel1.win32_1.0.100.202403111256/tools/bin/../lib/gcc/arm-none-eabi/12.3.1/../../../../arm-none-eabi/lib/thumb/v7e-m+fp/hard\libc_nano.a(libc_a-nano-vfprintf.o)
                0x08011624                        . = ALIGN (0x4)

.ARM.extab      0x08011610        0x0
                0x08011610                        . = ALIGN (0x4)
 *(.ARM.extab* .gnu.linkonce.armextab.*)
                0x08011610                        . = ALIGN (0x4)

.ARM            0x08011610        0x8
                0x08011610                        . = ALIGN (0x4)
                0x08011610                        __exidx_start = .
 *(.ARM.exidx*)
 .ARM.exidx     0x08011610        0x8 C:/ST/STM32CubeIDE_1.11.0/STM32CubeIDE/plugins/com.st.stm32cube.ide.mcu.externaltools.gnu-tools-for-stm32.12.3.rel1.win32_1.0.100.202403111256/tools/bin/../lib/gcc/arm-none-eabi/12.3.1/../../../../arm-none-eabi/lib/thumb/v7e-m+fp/hard\libc_nano.a(libc_a-strcmp.o)
 .ARM.exidx     0x08011618        0x0 C:/ST/STM32CubeIDE_1.11.0/STM32CubeIDE/plugins/com.st.stm32cube.ide.mcu.externaltools.gnu-tools-for-stm32.12.3.rel1.win32_1.0.100.202403111256/tools/bin/../lib/gcc/arm-none-eabi/12.3.1/../../../../arm-none-eabi/lib/thumb/v7e-m+fp/hard\libc_nano.a(libc_a-memchr.o)
                                  0x8 (size before relaxing)
 .ARM.exidx     0x08011618        0x0 C:/ST/STM32CubeIDE_1.11.0/STM32CubeIDE/plugins/com.st.stm32cube.ide.mcu.externaltools.gnu-tools-for-stm32.12.3.rel1.win32_1.0.100.202403111256/tools/bin/../lib/gcc/arm-none-eabi/12.3.1/../../../../arm-none-eabi/lib/thumb/v7e-m+fp/hard\libc_nano.a(libc_a-strlen.o)
                                  0x8 (size before relaxing)
 .ARM.exidx     0x08011618        0x0 C:/ST/STM32CubeIDE_1.11.0/STM32CubeIDE/plugins/com.st.stm32cube.ide.mcu.externaltools.gnu-tools-for-stm32.12.3.rel1.win32_1.0.100.202403111256/tools/bin/../lib/gcc/arm-none-eabi/12.3.1/thumb/v7e-m+fp/hard\libgcc.a(_udivmoddi4.o)
                                  0x8 (size before relaxing)
                0x08011618                        __exidx_end = .
                0x08011618                        . = ALIGN (0x4)

.preinit_array  0x08011618        0x0
                0x08011618                        . = ALIGN (0x4)
                0x08011618                        PROVIDE (__preinit_array_start = .)
 *(.preinit_array*)
                0x08011618                        PROVIDE (__preinit_array_end = .)
                0x08011618                        . = ALIGN (0x4)

.init_array     0x08011618        0x4
                0x08011618                        . = ALIGN (0x4)
                0x08011618                        PROVIDE (__init_array_start = .)
 *(SORT_BY_NAME(.init_array.*))
 *(.init_array*)
 .init_array    0x08011618        0x4 C:/ST/STM32CubeIDE_1.11.0/STM32CubeIDE/plugins/com.st.stm32cube.ide.mcu.externaltools.gnu-tools-for-stm32.12.3.rel1.win32_1.0.100.202403111256/tools/bin/../lib/gcc/arm-none-eabi/12.3.1/thumb/v7e-m+fp/hard/crtbegin.o
                0x0801161c                        PROVIDE (__init_array_end = .)
                0x0801161c                        . = ALIGN (0x4)

.fini_array     0x0801161c        0x4
                0x0801161c                        . = ALIGN (0x4)
                [!provide]                        PROVIDE (__fini_array_start = .)
 *(SORT_BY_NAME(.fini_array.*))
 *(.fini_array*)
 .fini_array    0x0801161c        0x4 C:/ST/STM32CubeIDE_1.11.0/STM32CubeIDE/plugins/com.st.stm32cube.ide.mcu.externaltools.gnu-tools-for-stm32.12.3.rel1.win32_1.0.100.202403111256/tools/bin/../lib/gcc/arm-none-eabi/12.3.1/thumb/v7e-m+fp/hard/crtbegin.o
                [!provide]                        PROVIDE (__fini_array_end = .)
                0x08011620                        . = ALIGN (0x4)
                0x08011620                        _sidata = LOADADDR (.data)

.rel.dyn        0x08011620        0x0
 .rel.iplt      0x08011620        0x0 C:/ST/STM32CubeIDE_1.11.0/STM32CubeIDE/plugins/com.st.stm32cube.ide.mcu.externaltools.gnu-tools-for-stm32.12.3.rel1.win32_1.0.100.202403111256/tools/bin/../lib/gcc/arm-none-eabi/12.3.1/thumb/v7e-m+fp/hard/crtbegin.o

.data           0x20000000     0x37d4 load address 0x08011620
                0x20000000                        . = ALIGN (0x4)
                0x20000000                        _sdata = .
 *(.data)
 *(.data*)
 .data.matrix   0x20000000      0x2b0 ./App/app.o
                0x20000000                matrix
 .data.fan_1gif
                0x200002b0      0x800 ./App/app.o
                0x200002b0                fan_1gif
 .data.fan_2gif
                0x20000ab0      0x800 ./App/app.o
                0x20000ab0                fan_2gif
 .data.fan_3gif
                0x200012b0      0x800 ./App/app.o
                0x200012b0                fan_3gif
 .data.fan_4gif
                0x20001ab0      0x800 ./App/app.o
                0x20001ab0                fan_4gif
 .data.fan_5gif
                0x200022b0      0x800 ./App/app.o
                0x200022b0                fan_5gif
 .data.fan_6gif
                0x20002ab0      0x800 ./App/app.o
                0x20002ab0                fan_6gif
 .data.p_warm   0x200032b0      0x348 ./App/app.o
                0x200032b0                p_warm
 .data.SystemCoreClock
                0x200035f8        0x4 ./Core/Src/system_stm32f4xx.o
                0x200035f8                SystemCoreClock
 .data.uwTickPrio
                0x200035fc        0x4 ./Drivers/STM32F4xx_HAL_Driver/Src/stm32f4xx_hal.o
                0x200035fc                uwTickPrio
 .data.uwTickFreq
                0x20003600        0x1 ./Drivers/STM32F4xx_HAL_Driver/Src/stm32f4xx_hal.o
                0x20003600                uwTickFreq
 *fill*         0x20003601        0x1 
 .data._buffer_height
                0x20003602        0x2 ./display/gfx.o
                0x20003602                _buffer_height
 .data._buffer_width
                0x20003604        0x2 ./display/gfx.o
                0x20003604                _buffer_width
 *fill*         0x20003606        0x2 
 .data.pDelay   0x20003608        0x4 ./temp_sensor/temperature.o
                0x20003608                pDelay
 .data.__sglue  0x2000360c        0xc C:/ST/STM32CubeIDE_1.11.0/STM32CubeIDE/plugins/com.st.stm32cube.ide.mcu.externaltools.gnu-tools-for-stm32.12.3.rel1.win32_1.0.100.202403111256/tools/bin/../lib/gcc/arm-none-eabi/12.3.1/../../../../arm-none-eabi/lib/thumb/v7e-m+fp/hard\libc_nano.a(libc_a-findfp.o)
                0x2000360c                __sglue
 .data._impure_ptr
                0x20003618        0x4 C:/ST/STM32CubeIDE_1.11.0/STM32CubeIDE/plugins/com.st.stm32cube.ide.mcu.externaltools.gnu-tools-for-stm32.12.3.rel1.win32_1.0.100.202403111256/tools/bin/../lib/gcc/arm-none-eabi/12.3.1/../../../../arm-none-eabi/lib/thumb/v7e-m+fp/hard\libc_nano.a(libc_a-impure.o)
                0x20003618                _impure_ptr
 .data._impure_data
                0x2000361c       0x4c C:/ST/STM32CubeIDE_1.11.0/STM32CubeIDE/plugins/com.st.stm32cube.ide.mcu.externaltools.gnu-tools-for-stm32.12.3.rel1.win32_1.0.100.202403111256/tools/bin/../lib/gcc/arm-none-eabi/12.3.1/../../../../arm-none-eabi/lib/thumb/v7e-m+fp/hard\libc_nano.a(libc_a-impure.o)
                0x2000361c                _impure_data
 .data.__global_locale
                0x20003668      0x16c C:/ST/STM32CubeIDE_1.11.0/STM32CubeIDE/plugins/com.st.stm32cube.ide.mcu.externaltools.gnu-tools-for-stm32.12.3.rel1.win32_1.0.100.202403111256/tools/bin/../lib/gcc/arm-none-eabi/12.3.1/../../../../arm-none-eabi/lib/thumb/v7e-m+fp/hard\libc_nano.a(libc_a-locale.o)
                0x20003668                __global_locale
 *(.RamFunc)
 *(.RamFunc*)
                0x200037d4                        . = ALIGN (0x4)
                0x200037d4                        _edata = .

.igot.plt       0x200037d4        0x0 load address 0x08014df4
 .igot.plt      0x200037d4        0x0 C:/ST/STM32CubeIDE_1.11.0/STM32CubeIDE/plugins/com.st.stm32cube.ide.mcu.externaltools.gnu-tools-for-stm32.12.3.rel1.win32_1.0.100.202403111256/tools/bin/../lib/gcc/arm-none-eabi/12.3.1/thumb/v7e-m+fp/hard/crtbegin.o
                0x200037d4                        . = ALIGN (0x4)

.bss            0x200037d4     0x242c load address 0x08014df4
                0x200037d4                        _sbss = .