../led/led.c:27:6:Ex_gpio_init	8	static
../led/led.c:39:6:Ex_gpio_write	16	static
../led/led.c:45:6:Tempset_35_led	8	static
../led/led.c:49:6:Tempset_40_led	8	static
../led/led.c:53:6:Tempset_43_led	8	static
../led/led.c:59:6:Fanset_low_led	8	static
../led/led.c:65:6:Fanset_mid_led	8	static
../led/led.c:71:6:Fanset_high_led	8	static
../led/led.c:76:6:Tempset_amb_led	8	static
../led/led.c:81:6:Standbyset_led	8	static
../led/led.c:86:6:TempReset_35_led	8	static
../led/led.c:90:6:TempReset_40_led	8	static
../led/led.c:94:6:TempReset_43_led	8	static
../led/led.c:100:6:FanReset_low_led	8	static
../led/led.c:106:6:FanReset_mid_led	8	static
../led/led.c:112:6:FanReset_high_led	8	static
../led/led.c:117:6:TempReset_amb_led	8	static
../led/led.c:122:6:StandbyReset_led	8	static
../led/led.c:128:9:led_states	24	static
