../temp_sensor/temperature.c:47:10:USART_ReceiveData	16	static
../temp_sensor/temperature.c:55:6:USART_SendData	16	static
../temp_sensor/temperature.c:66:6:usart_setup	16	static,ignoring_inline_asm
../temp_sensor/temperature.c:85:6:owInit	32	static
../temp_sensor/temperature.c:100:6:owReadHandler	24	static
../temp_sensor/temperature.c:111:12:owResetCmd	16	static
../temp_sensor/temperature.c:122:9:getUsartIndex	4	static
../temp_sensor/temperature.c:127:6:owSend	16	static
../temp_sensor/temperature.c:133:9:owReadSlot	16	static
../temp_sensor/temperature.c:137:10:owEchoRead	16	static
../temp_sensor/temperature.c:144:10:byteToBits	24	static
../temp_sensor/temperature.c:158:6:owSendByte	32	static
../temp_sensor/temperature.c:167:9:bitsToByte	24	static
../temp_sensor/temperature.c:180:9:owCRC	24	static
../temp_sensor/temperature.c:198:9:owCRC8	16	static
../temp_sensor/temperature.c:202:5:hasNextRom	40	static
../temp_sensor/temperature.c:249:5:owSearchCmd	24	static
../temp_sensor/temperature.c:261:6:owSkipRomCmd	16	static
../temp_sensor/temperature.c:266:6:owMatchRomCmd	24	static
../temp_sensor/temperature.c:274:6:owConvertTemperatureCmd	16	static
../temp_sensor/temperature.c:279:10:owReadScratchpadCmd	32	static
../temp_sensor/temperature.c:306:6:owWriteDS18B20Scratchpad	24	static
../temp_sensor/temperature.c:316:13:readTemperature	56	static
../temp_sensor/temperature.c:345:6:owCopyScratchpadCmd	16	static
../temp_sensor/temperature.c:350:6:owRecallE2Cmd	16	static
../temp_sensor/temperature.c:355:5:get_ROMid	56	static,ignoring_inline_asm
../temp_sensor/temperature.c:391:6:get_Temperature	8	static
