../App/app.c:62:6:Display_app_init	8	static
../App/app.c:67:6:Set_Display_buffsize	8	static
../App/app.c:72:6:Display_refresh	8	static
../App/app.c:81:6:company_logo	16	static
../App/app.c:88:6:gif_logo	16	static
../App/app.c:95:6:gif_logo1	16	static
../App/app.c:102:6:Display_company_name	16	static
../App/app.c:112:6:Display_contct_num	16	static
../App/app.c:120:6:Display_Managmnt_sys	16	static
../App/app.c:133:6:fan_Hspeed	24	static
../App/app.c:216:6:fan_Mspeed	24	static
../App/app.c:296:6:fan_Lspeed	24	static
../App/app.c:381:6:Display_curr_temp	8	static
../App/app.c:389:6:Gpio_Ex_init	8	static
../App/app.c:394:6:Led_State	8	static
../App/app.c:403:6:Tempset_35	8	static
../App/app.c:408:6:button_false_init	4	static
../App/app.c:425:6:RTC_init	8	static
../App/app.c:431:6:Display_RTC_clock	32	static
